
> agrolink-frontend@0.1.0 dev
> vite


  [32m[1mVITE[22m v5.4.21[39m  [2mready in [0m[1m403[22m[2m[0m ms[22m

  [32m➜[39m  [1mLocal[22m:   [36mhttp://localhost:[1m5173[22m/[39m
[2m  [32m➜[39m  [1mNetwork[22m[2m: use [22m[1m--host[22m[2m to expose[22m
[2m3:41:23 pm[22m [36m[1m[vite][22m[39m [32mhmr update [39m[2m/src/App.jsx, /src/index.css[22m
[2m3:46:01 pm[22m [36m[1m[vite][22m[39m [32mhmr update [39m[2m/src/routes/AppRoutes.jsx, /src/index.css[22m
[2m3:46:58 pm[22m [36m[1m[vite][22m[39m [32mhmr update [39m[2m/src/pages/landing/Landing.jsx, /src/index.css[22m
[2m3:47:05 pm[22m [36m[1m[vite][22m[39m [32mhmr update [39m[2m/src/pages/landing/Landing.jsx, /src/index.css[22m
[2m3:47:26 pm[22m [36m[1m[vite][22m[39m [32mhmr update [39m[2m/src/pages/landing/Landing.jsx, /src/index.css[22m
[2m3:51:34 pm[22m [36m[1m[vite][22m[39m [32mhmr update [39m[2m/src/pages/landing/Landing.jsx, /src/index.css[22m
[2m3:51:41 pm[22m [36m[1m[vite][22m[39m [32mhmr update [39m[2m/src/pages/landing/Landing.jsx, /src/index.css[22m
[2m3:51:53 pm[22m [36m[1m[vite][22m[39m [32mhmr update [39m[2m/src/pages/landing/Landing.jsx, /src/index.css[22m
[2m3:55:47 pm[22m [36m[1m[vite][22m[39m [32mhmr update [39m[2m/src/index.css[22m
[2m3:57:45 pm[22m [36m[1m[vite][22m[39m [32mhmr update [39m[2m/src/pages/landing/Landing.jsx, /src/index.css[22m
[2m4:00:44 pm[22m [36m[1m[vite][22m[39m [32mhmr update [39m[2m/src/pages/landing/Landing.jsx, /src/index.css[22m
[2m4:03:18 pm[22m [36m[1m[vite][22m[39m [32mhmr update [39m[2m/src/components/tables/DataTable.jsx, /src/index.css[22m
[2m4:03:30 pm[22m [36m[1m[vite][22m[39m [32mhmr update [39m[2m/src/pages/landing/Landing.jsx, /src/index.css[22m
[2m4:03:43 pm[22m [36m[1m[vite][22m[39m [32mhmr update [39m[2m/src/pages/landing/Landing.jsx, /src/index.css[22m
[2m4:05:28 pm[22m [36m[1m[vite][22m[39m [32mhmr update [39m[2m/src/pages/landing/Landing.jsx, /src/index.css[22m
[2m4:28:11 pm[22m [36m[1m[vite][22m[39m [32mhmr update [39m[2m/src/components/common/ProductImage.jsx, /src/index.css[22m
[2m4:28:21 pm[22m [36m[1m[vite][22m[39m [32mhmr update [39m[2m/src/pages/delivery/DeliveryConfirmation.jsx, /src/index.css[22m
[2m4:28:22 pm[22m [36m[1m[vite][22m[39m [32mhmr update [39m[2m/src/pages/consumer/ProductRequest.jsx, /src/index.css[22m
[2m4:28:23 pm[22m [36m[1m[vite][22m[39m [32mhmr update [39m[2m/src/pages/consumer/Cart.jsx, /src/index.css[22m
[2m4:28:26 pm[22m [36m[1m[vite][22m[39m [32mhmr update [39m[2m/src/pages/marketplace/ProductDetails.jsx, /src/index.css[22m
[2m4:28:27 pm[22m [36m[1m[vite][22m[39m [32mhmr update [39m[2m/src/pages/marketplace/ProductCard.jsx, /src/index.css[22m
[2m4:28:28 pm[22m [36m[1m[vite][22m[39m [32mhmr update [39m[2m/src/pages/producer/fpo/SellProducts.jsx, /src/index.css[22m
[2m4:28:29 pm[22m [36m[1m[vite][22m[39m [32mhmr update [39m[2m/src/pages/producer/fpo/Profile.jsx, /src/index.css[22m
[2m4:28:30 pm[22m [36m[1m[vite][22m[39m [32mhmr update [39m[2m/src/pages/producer/farmer/Profile.jsx, /src/index.css[22m
[2m4:28:31 pm[22m [36m[1m[vite][22m[39m [32mhmr update [39m[2m/src/pages/producer/fpo/ManageProducts.jsx, /src/index.css[22m
[2m4:28:32 pm[22m [36m[1m[vite][22m[39m [32mhmr update [39m[2m/src/pages/producer/farmer/MyProducts.jsx, /src/index.css[22m
[2m4:28:33 pm[22m [36m[1m[vite][22m[39m [32mhmr update [39m[2m/src/pages/producer/fpo/BuyProducts.jsx, /src/index.css[22m
[2m4:28:33 pm[22m [36m[1m[vite][22m[39m [32mhmr update [39m[2m/src/pages/payment/Payment.jsx, /src/index.css[22m
[2m4:28:34 pm[22m [36m[1m[vite][22m[39m [32mhmr update [39m[2m/src/pages/orders/OrderDetails.jsx, /src/index.css[22m
[2m4:28:35 pm[22m [36m[1m[vite][22m[39m [32mhmr update [39m[2m/src/pages/orders/PlaceOrder.jsx, /src/index.css[22m
[2m4:29:09 pm[22m [36m[1m[vite][22m[39m [32mhmr update [39m[2m/src/pages/landing/Landing.jsx, /src/index.css[22m
[2m4:29:11 pm[22m [36m[1m[vite][22m[39m [32mhmr update [39m[2m/src/pages/landing/Landing.jsx, /src/index.css[22m
[2m4:29:14 pm[22m [36m[1m[vite][22m[39m [32mhmr update [39m[2m/src/pages/landing/Landing.jsx, /src/index.css[22m
[2m4:44:56 pm[22m [36m[1m[vite][22m[39m [32mhmr update [39m[2m/src/pages/landing/Landing.jsx, /src/index.css[22m
[2m4:44:58 pm[22m [36m[1m[vite][22m[39m [32mhmr update [39m[2m/src/pages/landing/Landing.jsx, /src/index.css[22m
[2m4:45:12 pm[22m [36m[1m[vite][22m[39m [32mhmr update [39m[2m/src/pages/landing/Landing.jsx, /src/index.css[22m
[2m4:45:18 pm[22m [36m[1m[vite][22m[39m [32mhmr update [39m[2m/src/pages/landing/Landing.jsx, /src/index.css[22m
[2m4:45:48 pm[22m [36m[1m[vite][22m[39m [32mhmr update [39m[2m/src/pages/landing/Landing.jsx, /src/index.css[22m
[2m4:45:51 pm[22m [36m[1m[vite][22m[39m [32mhmr update [39m[2m/src/pages/landing/Landing.jsx, /src/index.css[22m
[2m4:45:57 pm[22m [36m[1m[vite][22m[39m [32mhmr update [39m[2m/src/pages/landing/Landing.jsx, /src/index.css[22m
[2m4:46:03 pm[22m [36m[1m[vite][22m[39m [32mhmr update [39m[2m/src/pages/landing/Landing.jsx, /src/index.css[22m
[2m4:46:07 pm[22m [36m[1m[vite][22m[39m [32mhmr update [39m[2m/src/pages/landing/Landing.jsx, /src/index.css[22m
[2m4:46:10 pm[22m [36m[1m[vite][22m[39m [32mhmr update [39m[2m/src/pages/landing/Landing.jsx, /src/index.css[22m
[2m4:46:13 pm[22m [36m[1m[vite][22m[39m [32mhmr update [39m[2m/src/pages/landing/Landing.jsx, /src/index.css[22m
[2m4:46:14 pm[22m [36m[1m[vite][22m[39m [32mhmr update [39m[2m/src/pages/landing/Landing.jsx, /src/index.css[22m
[2m4:46:17 pm[22m [36m[1m[vite][22m[39m [32mhmr update [39m[2m/src/pages/landing/Landing.jsx, /src/index.css[22m
[2m4:47:03 pm[22m [36m[1m[vite][22m[39m [32mhmr update [39m[2m/src/pages/landing/Landing.jsx, /src/index.css[22m
[2m5:13:09 pm[22m [36m[1m[vite][22m[39m [32mhmr update [39m[2m/src/App.jsx, /src/index.css[22m
[2m5:13:11 pm[22m [36m[1m[vite][22m[39m [32mhmr update [39m[2m/src/index.css, /src/i18n/LanguageContext.jsx[22m
[2m5:13:12 pm[22m [36m[1m[vite][22m[39m [33mhmr invalidate [39m[2m/src/i18n/LanguageContext.jsx[22m Could not Fast Refresh ("useLanguage" export is incompatible). Learn more at https://github.com/vitejs/vite-plugin-react/tree/main/packages/plugin-react#consistent-components-exports
[2m5:13:12 pm[22m [36m[1m[vite][22m[39m [32mhmr update [39m[2m/src/App.jsx, /src/index.css[22m
[2m5:13:32 pm[22m [36m[1m[vite][22m[39m [32mhmr update [39m[2m/src/index.css, /src/i18n/LanguageContext.jsx[22m
[2m5:13:32 pm[22m [36m[1m[vite][22m[39m [33mhmr invalidate [39m[2m/src/i18n/LanguageContext.jsx[22m Could not Fast Refresh ("useLanguage" export is incompatible). Learn more at https://github.com/vitejs/vite-plugin-react/tree/main/packages/plugin-react#consistent-components-exports
[2m5:13:32 pm[22m [36m[1m[vite][22m[39m [32mhmr update [39m[2m/src/App.jsx, /src/index.css[22m
[2m5:13:56 pm[22m [36m[1m[vite][22m[39m [32mhmr update [39m[2m/src/pages/landing/Landing.jsx, /src/index.css[22m
[2m5:14:10 pm[22m [36m[1m[vite][22m[39m [32mhmr update [39m[2m/src/pages/landing/Landing.jsx, /src/index.css[22m
[2m5:14:21 pm[22m [36m[1m[vite][22m[39m [32mhmr update [39m[2m/src/pages/landing/Landing.jsx, /src/index.css[22m
[2m5:14:33 pm[22m [36m[1m[vite][22m[39m [32mhmr update [39m[2m/src/pages/landing/Landing.jsx, /src/index.css[22m
[2m5:14:39 pm[22m [36m[1m[vite][22m[39m [32mhmr update [39m[2m/src/pages/landing/Landing.jsx, /src/index.css[22m
[2m5:15:12 pm[22m [36m[1m[vite][22m[39m [32mhmr update [39m[2m/src/pages/landing/Landing.jsx, /src/index.css[22m
[2m5:15:18 pm[22m [36m[1m[vite][22m[39m [32mhmr update [39m[2m/src/pages/landing/Landing.jsx, /src/index.css[22m
[2m5:15:24 pm[22m [36m[1m[vite][22m[39m [32mhmr update [39m[2m/src/pages/landing/Landing.jsx, /src/index.css[22m
[2m5:15:40 pm[22m [36m[1m[vite][22m[39m [32mhmr update [39m[2m/src/pages/landing/Landing.jsx, /src/index.css[22m
[2m5:15:47 pm[22m [36m[1m[vite][22m[39m [32mhmr update [39m[2m/src/pages/landing/Landing.jsx, /src/index.css[22m
[2m5:15:53 pm[22m [36m[1m[vite][22m[39m [32mhmr update [39m[2m/src/pages/landing/Landing.jsx, /src/index.css[22m
[2m5:16:07 pm[22m [36m[1m[vite][22m[39m [32mhmr update [39m[2m/src/pages/landing/Landing.jsx, /src/index.css[22m
[2m5:16:35 pm[22m [36m[1m[vite][22m[39m [32mhmr update [39m[2m/src/pages/landing/Landing.jsx, /src/index.css[22m
[2m5:16:44 pm[22m [36m[1m[vite][22m[39m [32mhmr update [39m[2m/src/pages/landing/Landing.jsx, /src/index.css[22m
[2m5:16:57 pm[22m [36m[1m[vite][22m[39m [32mhmr update [39m[2m/src/pages/landing/Landing.jsx, /src/index.css[22m
[2m5:17:03 pm[22m [36m[1m[vite][22m[39m [32mhmr update [39m[2m/src/pages/landing/Landing.jsx, /src/index.css[22m
[2m5:17:09 pm[22m [36m[1m[vite][22m[39m [32mhmr update [39m[2m/src/pages/landing/Landing.jsx, /src/index.css[22m
[2m5:17:11 pm[22m [36m[1m[vite][22m[39m [32mhmr update [39m[2m/src/pages/landing/Landing.jsx, /src/index.css[22m
[2m5:17:21 pm[22m [36m[1m[vite][22m[39m [32mhmr update [39m[2m/src/pages/landing/Landing.jsx, /src/index.css[22m
[2m5:17:26 pm[22m [36m[1m[vite][22m[39m [32mhmr update [39m[2m/src/pages/landing/Landing.jsx, /src/index.css[22m
[2m5:17:32 pm[22m [36m[1m[vite][22m[39m [32mhmr update [39m[2m/src/pages/landing/Landing.jsx, /src/index.css[22m
[2m5:17:49 pm[22m [36m[1m[vite][22m[39m [32mhmr update [39m[2m/src/pages/landing/Landing.jsx, /src/index.css[22m
[2m5:17:57 pm[22m [36m[1m[vite][22m[39m [32mhmr update [39m[2m/src/pages/landing/Landing.jsx, /src/index.css[22m
[2m5:24:26 pm[22m [36m[1m[vite][22m[39m [32mhmr update [39m[2m/src/index.css[22m
[2m5:24:37 pm[22m [36m[1m[vite][22m[39m [32mhmr update [39m[2m/src/pages/landing/Landing.jsx, /src/index.css[22m
[2m5:24:44 pm[22m [36m[1m[vite][22m[39m [32mhmr update [39m[2m/src/pages/landing/Landing.jsx, /src/index.css[22m
[2m5:24:47 pm[22m [36m[1m[vite][22m[39m [32mhmr update [39m[2m/src/pages/landing/Landing.jsx, /src/index.css[22m
[2m5:24:58 pm[22m [36m[1m[vite][22m[39m [32mhmr update [39m[2m/src/pages/landing/Landing.jsx, /src/index.css[22m
[2m5:25:06 pm[22m [36m[1m[vite][22m[39m [32mhmr update [39m[2m/src/pages/landing/Landing.jsx, /src/index.css[22m
[2m5:25:08 pm[22m [36m[1m[vite][22m[39m [32mhmr update [39m[2m/src/pages/landing/Landing.jsx, /src/index.css[22m
[2m5:25:11 pm[22m [36m[1m[vite][22m[39m [32mhmr update [39m[2m/src/pages/landing/Landing.jsx, /src/index.css[22m
[2m5:25:17 pm[22m [36m[1m[vite][22m[39m [32mhmr update [39m[2m/src/pages/landing/Landing.jsx, /src/index.css[22m
[2m5:25:21 pm[22m [36m[1m[vite][22m[39m [32mhmr update [39m[2m/src/pages/landing/Landing.jsx, /src/index.css[22m
[2m5:25:24 pm[22m [36m[1m[vite][22m[39m [32mhmr update [39m[2m/src/pages/landing/Landing.jsx, /src/index.css[22m
[2m5:25:35 pm[22m [36m[1m[vite][22m[39m [32mhmr update [39m[2m/src/pages/landing/Landing.jsx, /src/index.css[22m
[2m5:26:34 pm[22m [36m[1m[vite][22m[39m [32mhmr update [39m[2m/src/pages/landing/Landing.jsx, /src/index.css[22m
[2m5:26:41 pm[22m [36m[1m[vite][22m[39m [32mhmr update [39m[2m/src/pages/landing/Landing.jsx, /src/index.css[22m
[2m5:26:49 pm[22m [36m[1m[vite][22m[39m [32mhmr update [39m[2m/src/pages/landing/Landing.jsx, /src/index.css[22m
[2m5:26:58 pm[22m [36m[1m[vite][22m[39m [32mhmr update [39m[2m/src/pages/landing/Landing.jsx, /src/index.css[22m
[2m5:27:04 pm[22m [36m[1m[vite][22m[39m [32mhmr update [39m[2m/src/pages/landing/Landing.jsx, /src/index.css[22m
[2m5:27:10 pm[22m [36m[1m[vite][22m[39m [32mhmr update [39m[2m/src/pages/landing/Landing.jsx, /src/index.css[22m
[2m5:27:17 pm[22m [36m[1m[vite][22m[39m [32mhmr update [39m[2m/src/pages/landing/Landing.jsx, /src/index.css[22m
[2m5:27:22 pm[22m [36m[1m[vite][22m[39m [32mhmr update [39m[2m/src/pages/landing/Landing.jsx, /src/index.css[22m
[2m5:27:35 pm[22m [36m[1m[vite][22m[39m [32mhmr update [39m[2m/src/pages/landing/Landing.jsx, /src/index.css[22m
[2m5:27:40 pm[22m [36m[1m[vite][22m[39m [32mhmr update [39m[2m/src/pages/landing/Landing.jsx, /src/index.css[22m
[2m5:27:49 pm[22m [36m[1m[vite][22m[39m [32mhmr update [39m[2m/src/pages/landing/Landing.jsx, /src/index.css[22m
[2m5:27:56 pm[22m [36m[1m[vite][22m[39m [32mhmr update [39m[2m/src/pages/landing/Landing.jsx, /src/index.css[22m
[2m5:28:00 pm[22m [36m[1m[vite][22m[39m [32mhmr update [39m[2m/src/pages/landing/Landing.jsx, /src/index.css[22m
[2m5:28:08 pm[22m [36m[1m[vite][22m[39m [32mhmr update [39m[2m/src/pages/landing/Landing.jsx, /src/index.css[22m
[2m5:28:15 pm[22m [36m[1m[vite][22m[39m [32mhmr update [39m[2m/src/pages/landing/Landing.jsx, /src/index.css[22m
[2m5:28:18 pm[22m [36m[1m[vite][22m[39m [32mhmr update [39m[2m/src/pages/landing/Landing.jsx, /src/index.css[22m
[2m5:28:37 pm[22m [36m[1m[vite][22m[39m [32mhmr update [39m[2m/src/pages/landing/Landing.jsx, /src/index.css[22m
[2m5:28:40 pm[22m [36m[1m[vite][22m[39m [32mhmr update [39m[2m/src/pages/landing/Landing.jsx, /src/index.css[22m
[2m5:28:52 pm[22m [36m[1m[vite][22m[39m [32mhmr update [39m[2m/src/pages/landing/Landing.jsx, /src/index.css[22m
[2m5:35:26 pm[22m [36m[1m[vite][22m[39m [32mhmr update [39m[2m/src/pages/marketplace/ProductCard.jsx, /src/index.css[22m
[2m5:35:29 pm[22m [36m[1m[vite][22m[39m [32mhmr update [39m[2m/src/pages/marketplace/ProductCard.jsx, /src/index.css[22m
[2m5:40:19 pm[22m [36m[1m[vite][22m[39m [32mhmr update [39m[2m/src/pages/landing/Landing.jsx, /src/index.css[22m
[2m5:42:10 pm[22m [36m[1m[vite][22m[39m [32mhmr update [39m[2m/src/pages/landing/Landing.jsx, /src/index.css[22m
[2m5:44:09 pm[22m [36m[1m[vite][22m[39m [32mhmr update [39m[2m/src/pages/landing/Landing.jsx, /src/index.css[22m
[2m5:46:36 pm[22m [36m[1m[vite][22m[39m [32mhmr update [39m[2m/src/pages/landing/Landing.jsx, /src/index.css[22m
[2m5:49:52 pm[22m [36m[1m[vite][22m[39m [32mhmr update [39m[2m/src/index.css, /src/i18n/LanguageContext.jsx, /src/pages/landing/Landing.jsx, /src/components/common/LanguageSwitcher.jsx[22m
[2m5:49:53 pm[22m [36m[1m[vite][22m[39m [33mhmr invalidate [39m[2m/src/i18n/LanguageContext.jsx[22m Could not Fast Refresh ("useLanguage" export is incompatible). Learn more at https://github.com/vitejs/vite-plugin-react/tree/main/packages/plugin-react#consistent-components-exports
[2m5:49:53 pm[22m [36m[1m[vite][22m[39m [32mhmr update [39m[2m/src/App.jsx, /src/index.css, /src/pages/landing/Landing.jsx, /src/components/common/LanguageSwitcher.jsx[22m
[2m5:49:59 pm[22m [36m[1m[vite][22m[39m [32mhmr update [39m[2m/src/pages/landing/Landing.jsx, /src/index.css[22m
[2m5:50:04 pm[22m [36m[1m[vite][22m[39m [32mhmr update [39m[2m/src/pages/landing/Landing.jsx, /src/index.css[22m
[2m5:50:11 pm[22m [36m[1m[vite][22m[39m [32mhmr update [39m[2m/src/pages/landing/Landing.jsx, /src/index.css[22m
[2m5:51:38 pm[22m [36m[1m[vite][22m[39m [32mhmr update [39m[2m/src/index.css, /src/i18n/LanguageContext.jsx, /src/pages/landing/Landing.jsx, /src/components/common/LanguageSwitcher.jsx[22m
[2m5:51:39 pm[22m [36m[1m[vite][22m[39m [33mhmr invalidate [39m[2m/src/i18n/LanguageContext.jsx[22m Could not Fast Refresh ("useLanguage" export is incompatible). Learn more at https://github.com/vitejs/vite-plugin-react/tree/main/packages/plugin-react#consistent-components-exports
[2m5:51:39 pm[22m [36m[1m[vite][22m[39m [32mhmr update [39m[2m/src/App.jsx, /src/index.css, /src/pages/landing/Landing.jsx, /src/components/common/LanguageSwitcher.jsx[22m
[2m5:52:52 pm[22m [36m[1m[vite][22m[39m [32mhmr update [39m[2m/src/pages/landing/Landing.jsx, /src/index.css[22m
[2m5:55:26 pm[22m [36m[1m[vite][22m[39m [32mhmr update [39m[2m/src/routes/AppLayout.jsx, /src/index.css[22m
[2m5:55:30 pm[22m [36m[1m[vite][22m[39m [32mhmr update [39m[2m/src/routes/AppLayout.jsx, /src/index.css[22m
[2m5:55:36 pm[22m [36m[1m[vite][22m[39m [32mhmr update [39m[2m/src/pages/landing/Landing.jsx, /src/index.css[22m
[2m5:55:42 pm[22m [36m[1m[vite][22m[39m [32mhmr update [39m[2m/src/pages/landing/Landing.jsx, /src/index.css[22m
[2m6:00:58 pm[22m [36m[1m[vite][22m[39m [32mhmr update [39m[2m/src/index.css, /src/context/ChatbotContext.jsx, /src/context/AuthContext.jsx, /src/pages/auth/ForgotPassword.jsx, /src/pages/producer/fpo/ConfirmOrder.jsx, /src/pages/orders/OrderTracking.jsx, /src/pages/logistics/ShipmentDetails.jsx, /src/pages/payment/Payment.jsx, /src/pages/producer/fpo/OutgoingOrders.jsx, /src/pages/producer/farmer/ConfirmOrder.jsx, /src/pages/producer/fpo/BuyProducts.jsx, /src/pages/payment/PaymentConfirmation.jsx, /src/pages/consumer/OrderTracking.jsx, /src/pages/delivery/DeliveryConfirmation.jsx, /src/pages/producer/fpo/Dashboard.jsx, /src/pages/producer/farmer/Dashboard.jsx, /src/pages/orders/PlaceOrder.jsx, /src/pages/orders/OrderDetails.jsx, /src/pages/producer/fpo/IncomingOrders.jsx, /src/pages/orders/OrderHistory.jsx, /src/pages/producer/farmer/IncomingOrders.jsx, /src/pages/consumer/Orders.jsx, /src/pages/delivery/DeliveryStatus.jsx, /src/pages/consumer/ProductRequest.jsx, /src/pages/producer/fpo/EditProduct.jsx, /src/pages/marketplace/ProductDetails.jsx, /src/pages/producer/farmer/AddProduct.jsx, /src/pages/producer/fpo/AddProduct.jsx, /src/pages/marketplace/Marketplace.jsx, /src/pages/producer/farmer/EditProduct.jsx, /src/pages/demand/DemandForecast.jsx, /src/pages/producer/fpo/SellProducts.jsx, /src/pages/producer/farmer/MyProducts.jsx, /src/pages/producer/fpo/ManageProducts.jsx, /src/pages/producer/fpo/Profile.jsx, /src/pages/producer/farmer/Profile.jsx, /src/pages/landing/Landing.jsx, /src/pages/producer/farmer/Payments.jsx, /src/pages/producer/fpo/Payments.jsx, /src/pages/logistics/LogisticsDashboard.jsx, /src/pages/logistics/RouteMap.jsx, /src/pages/logistics/VehicleAssignment.jsx, /src/pages/pricing/PriceCalculation.jsx, /src/pages/pricing/PriceForecast.jsx, /src/pages/payment/PaymentHistory.jsx, /src/pages/consumer/Dashboard.jsx, /src/pages/auth/Profile.jsx, /src/pages/marketplace/SearchBar.jsx[22m
[2m6:00:59 pm[22m [36m[1m[vite][22m[39m [33mhmr invalidate [39m[2m/src/context/ChatbotContext.jsx[22m Could not Fast Refresh ("useChatbotContext" export is incompatible). Learn more at https://github.com/vitejs/vite-plugin-react/tree/main/packages/plugin-react#consistent-components-exports
[2m6:00:59 pm[22m [36m[1m[vite][22m[39m [32mhmr update [39m[2m/src/App.jsx, /src/index.css, /src/pages/chatbot/Chatbot.jsx, /src/components/common/ChatFab.jsx[22m
[2m6:00:59 pm[22m [36m[1m[vite][22m[39m [33mhmr invalidate [39m[2m/src/context/AuthContext.jsx[22m Could not Fast Refresh ("roleMatches" export is incompatible). Learn more at https://github.com/vitejs/vite-plugin-react/tree/main/packages/plugin-react#consistent-components-exports
[2m6:00:59 pm[22m [36m[1m[vite][22m[39m [32mhmr update [39m[2m/src/App.jsx, /src/index.css, /src/routes/AppRoutes.jsx, /src/routes/AppLayout.jsx, /src/pages/producer/fpo/IncomingOrders.jsx, /src/pages/producer/farmer/AddProduct.jsx, /src/pages/producer/fpo/AddProduct.jsx, /src/pages/orders/OrderHistory.jsx, /src/routes/ProtectedRoute.jsx, /src/pages/payment/Payment.jsx, /src/pages/auth/Register.jsx, /src/pages/consumer/Dashboard.jsx, /src/pages/payment/PaymentHistory.jsx, /src/pages/producer/fpo/OutgoingOrders.jsx, /src/pages/producer/farmer/Payments.jsx, /src/pages/pricing/PriceCalculation.jsx, /src/pages/producer/farmer/IncomingOrders.jsx, /src/pages/producer/fpo/Payments.jsx, /src/pages/producer/fpo/SellProducts.jsx, /src/pages/producer/fpo/BuyProducts.jsx, /src/pages/producer/farmer/MyProducts.jsx, /src/pages/consumer/Orders.jsx, /src/pages/auth/Profile.jsx, /src/pages/auth/Login.jsx, /src/pages/delivery/DeliveryStatus.jsx, /src/pages/producer/fpo/Dashboard.jsx, /src/pages/producer/fpo/ManageProducts.jsx, /src/pages/producer/fpo/Profile.jsx, /src/pages/producer/farmer/Profile.jsx, /src/pages/producer/farmer/Dashboard.jsx, /src/pages/orders/PlaceOrder.jsx, /src/pages/orders/OrderDetails.jsx, /src/components/navbar/Navbar.jsx, /src/pages/landing/Landing.jsx[22m
[2m6:03:38 pm[22m [36m[1m[vite][22m[39m [32mhmr update [39m[2m/src/index.css, /src/context/ChatbotContext.jsx, /src/context/AuthContext.jsx, /src/pages/auth/ForgotPassword.jsx, /src/pages/producer/fpo/ConfirmOrder.jsx, /src/pages/orders/OrderTracking.jsx, /src/pages/logistics/ShipmentDetails.jsx, /src/pages/payment/Payment.jsx, /src/pages/producer/fpo/OutgoingOrders.jsx, /src/pages/producer/farmer/ConfirmOrder.jsx, /src/pages/producer/fpo/BuyProducts.jsx, /src/pages/payment/PaymentConfirmation.jsx, /src/pages/consumer/OrderTracking.jsx, /src/pages/delivery/DeliveryConfirmation.jsx, /src/pages/producer/fpo/Dashboard.jsx, /src/pages/producer/farmer/Dashboard.jsx, /src/pages/orders/PlaceOrder.jsx, /src/pages/orders/OrderDetails.jsx, /src/pages/producer/fpo/IncomingOrders.jsx, /src/pages/orders/OrderHistory.jsx, /src/pages/producer/farmer/IncomingOrders.jsx, /src/pages/consumer/Orders.jsx, /src/pages/delivery/DeliveryStatus.jsx, /src/pages/consumer/ProductRequest.jsx, /src/pages/producer/fpo/EditProduct.jsx, /src/pages/marketplace/ProductDetails.jsx, /src/pages/producer/farmer/AddProduct.jsx, /src/pages/producer/fpo/AddProduct.jsx, /src/pages/marketplace/Marketplace.jsx, /src/pages/producer/farmer/EditProduct.jsx, /src/pages/demand/DemandForecast.jsx, /src/pages/producer/fpo/SellProducts.jsx, /src/pages/producer/farmer/MyProducts.jsx, /src/pages/producer/fpo/ManageProducts.jsx, /src/pages/producer/fpo/Profile.jsx, /src/pages/producer/farmer/Profile.jsx, /src/pages/landing/Landing.jsx, /src/pages/producer/farmer/Payments.jsx, /src/pages/producer/fpo/Payments.jsx, /src/pages/logistics/LogisticsDashboard.jsx, /src/pages/logistics/RouteMap.jsx, /src/pages/logistics/VehicleAssignment.jsx, /src/pages/pricing/PriceCalculation.jsx, /src/pages/pricing/PriceForecast.jsx, /src/pages/payment/PaymentHistory.jsx, /src/pages/consumer/Dashboard.jsx, /src/pages/auth/Profile.jsx, /src/pages/marketplace/SearchBar.jsx[22m
[2m6:03:38 pm[22m [36m[1m[vite][22m[39m [33mhmr invalidate [39m[2m/src/context/ChatbotContext.jsx[22m Could not Fast Refresh ("useChatbotContext" export is incompatible). Learn more at https://github.com/vitejs/vite-plugin-react/tree/main/packages/plugin-react#consistent-components-exports
[2m6:03:38 pm[22m [36m[1m[vite][22m[39m [32mhmr update [39m[2m/src/App.jsx, /src/index.css, /src/pages/chatbot/Chatbot.jsx, /src/components/common/ChatFab.jsx[22m
[2m6:03:38 pm[22m [36m[1m[vite][22m[39m [33mhmr invalidate [39m[2m/src/context/AuthContext.jsx[22m Could not Fast Refresh ("roleMatches" export is incompatible). Learn more at https://github.com/vitejs/vite-plugin-react/tree/main/packages/plugin-react#consistent-components-exports
[2m6:03:38 pm[22m [36m[1m[vite][22m[39m [32mhmr update [39m[2m/src/App.jsx, /src/index.css, /src/routes/AppRoutes.jsx, /src/routes/AppLayout.jsx, /src/pages/producer/fpo/IncomingOrders.jsx, /src/pages/producer/farmer/AddProduct.jsx, /src/pages/producer/fpo/AddProduct.jsx, /src/pages/orders/OrderHistory.jsx, /src/routes/ProtectedRoute.jsx, /src/pages/payment/Payment.jsx, /src/pages/auth/Register.jsx, /src/pages/consumer/Dashboard.jsx, /src/pages/payment/PaymentHistory.jsx, /src/pages/producer/fpo/OutgoingOrders.jsx, /src/pages/producer/farmer/Payments.jsx, /src/pages/pricing/PriceCalculation.jsx, /src/pages/producer/farmer/IncomingOrders.jsx, /src/pages/producer/fpo/Payments.jsx, /src/pages/producer/fpo/SellProducts.jsx, /src/pages/producer/fpo/BuyProducts.jsx, /src/pages/producer/farmer/MyProducts.jsx, /src/pages/consumer/Orders.jsx, /src/pages/auth/Profile.jsx, /src/pages/auth/Login.jsx, /src/pages/delivery/DeliveryStatus.jsx, /src/pages/producer/fpo/Dashboard.jsx, /src/pages/producer/fpo/ManageProducts.jsx, /src/pages/producer/fpo/Profile.jsx, /src/pages/producer/farmer/Profile.jsx, /src/pages/producer/farmer/Dashboard.jsx, /src/pages/orders/PlaceOrder.jsx, /src/pages/orders/OrderDetails.jsx, /src/components/navbar/Navbar.jsx, /src/pages/landing/Landing.jsx[22m
[2m6:03:43 pm[22m [36m[1m[vite][22m[39m [32mhmr update [39m[2m/src/pages/chatbot/SuggestionChips.jsx, /src/index.css[22m
[2m6:16:38 pm[22m [36m[1m[vite][22m[39m [32mhmr update [39m[2m/src/index.css, /src/context/ChatbotContext.jsx, /src/context/AuthContext.jsx, /src/pages/auth/ForgotPassword.jsx, /src/pages/producer/fpo/ConfirmOrder.jsx, /src/pages/orders/OrderTracking.jsx, /src/pages/logistics/ShipmentDetails.jsx, /src/pages/payment/Payment.jsx, /src/pages/producer/fpo/OutgoingOrders.jsx, /src/pages/producer/farmer/ConfirmOrder.jsx, /src/pages/producer/fpo/BuyProducts.jsx, /src/pages/payment/PaymentConfirmation.jsx, /src/pages/consumer/OrderTracking.jsx, /src/pages/delivery/DeliveryConfirmation.jsx, /src/pages/producer/fpo/Dashboard.jsx, /src/pages/producer/farmer/Dashboard.jsx, /src/pages/orders/PlaceOrder.jsx, /src/pages/orders/OrderDetails.jsx, /src/pages/producer/fpo/IncomingOrders.jsx, /src/pages/orders/OrderHistory.jsx, /src/pages/producer/farmer/IncomingOrders.jsx, /src/pages/consumer/Orders.jsx, /src/pages/delivery/DeliveryStatus.jsx, /src/pages/consumer/ProductRequest.jsx, /src/pages/producer/fpo/EditProduct.jsx, /src/pages/marketplace/ProductDetails.jsx, /src/pages/producer/farmer/AddProduct.jsx, /src/pages/producer/fpo/AddProduct.jsx, /src/pages/marketplace/Marketplace.jsx, /src/pages/producer/farmer/EditProduct.jsx, /src/pages/demand/DemandForecast.jsx, /src/pages/producer/fpo/SellProducts.jsx, /src/pages/producer/farmer/MyProducts.jsx, /src/pages/producer/fpo/ManageProducts.jsx, /src/pages/producer/fpo/Profile.jsx, /src/pages/producer/farmer/Profile.jsx, /src/pages/landing/Landing.jsx, /src/pages/producer/farmer/Payments.jsx, /src/pages/producer/fpo/Payments.jsx, /src/pages/logistics/LogisticsDashboard.jsx, /src/pages/logistics/RouteMap.jsx, /src/pages/logistics/VehicleAssignment.jsx, /src/pages/pricing/PriceCalculation.jsx, /src/pages/pricing/PriceForecast.jsx, /src/pages/payment/PaymentHistory.jsx, /src/pages/consumer/Dashboard.jsx, /src/pages/auth/Profile.jsx, /src/pages/marketplace/SearchBar.jsx[22m
[2m6:16:38 pm[22m [36m[1m[vite][22m[39m [33mhmr invalidate [39m[2m/src/context/ChatbotContext.jsx[22m Could not Fast Refresh ("useChatbotContext" export is incompatible). Learn more at https://github.com/vitejs/vite-plugin-react/tree/main/packages/plugin-react#consistent-components-exports
[2m6:16:38 pm[22m [36m[1m[vite][22m[39m [32mhmr update [39m[2m/src/App.jsx, /src/index.css, /src/pages/chatbot/Chatbot.jsx, /src/components/common/ChatFab.jsx[22m
[2m6:16:38 pm[22m [36m[1m[vite][22m[39m [33mhmr invalidate [39m[2m/src/context/AuthContext.jsx[22m Could not Fast Refresh ("roleMatches" export is incompatible). Learn more at https://github.com/vitejs/vite-plugin-react/tree/main/packages/plugin-react#consistent-components-exports
[2m6:16:38 pm[22m [36m[1m[vite][22m[39m [32mhmr update [39m[2m/src/App.jsx, /src/index.css, /src/routes/AppRoutes.jsx, /src/routes/AppLayout.jsx, /src/pages/producer/fpo/IncomingOrders.jsx, /src/pages/producer/farmer/AddProduct.jsx, /src/pages/producer/fpo/AddProduct.jsx, /src/pages/orders/OrderHistory.jsx, /src/routes/ProtectedRoute.jsx, /src/pages/payment/Payment.jsx, /src/pages/auth/Register.jsx, /src/pages/consumer/Dashboard.jsx, /src/pages/payment/PaymentHistory.jsx, /src/pages/producer/fpo/OutgoingOrders.jsx, /src/pages/producer/farmer/Payments.jsx, /src/pages/pricing/PriceCalculation.jsx, /src/pages/producer/farmer/IncomingOrders.jsx, /src/pages/producer/fpo/Payments.jsx, /src/pages/producer/fpo/SellProducts.jsx, /src/pages/producer/fpo/BuyProducts.jsx, /src/pages/producer/farmer/MyProducts.jsx, /src/pages/consumer/Orders.jsx, /src/pages/auth/Profile.jsx, /src/pages/auth/Login.jsx, /src/pages/delivery/DeliveryStatus.jsx, /src/pages/producer/fpo/Dashboard.jsx, /src/pages/producer/fpo/ManageProducts.jsx, /src/pages/producer/fpo/Profile.jsx, /src/pages/producer/farmer/Profile.jsx, /src/pages/producer/farmer/Dashboard.jsx, /src/pages/orders/PlaceOrder.jsx, /src/pages/orders/OrderDetails.jsx, /src/components/navbar/Navbar.jsx, /src/pages/landing/Landing.jsx[22m
[2m6:17:18 pm[22m [36m[1m[vite][22m[39m [32mhmr update [39m[2m/src/index.css, /src/context/ChatbotContext.jsx, /src/context/AuthContext.jsx, /src/pages/auth/ForgotPassword.jsx, /src/pages/producer/fpo/ConfirmOrder.jsx, /src/pages/orders/OrderTracking.jsx, /src/pages/logistics/ShipmentDetails.jsx, /src/pages/payment/Payment.jsx, /src/pages/producer/fpo/OutgoingOrders.jsx, /src/pages/producer/farmer/ConfirmOrder.jsx, /src/pages/producer/fpo/BuyProducts.jsx, /src/pages/payment/PaymentConfirmation.jsx, /src/pages/consumer/OrderTracking.jsx, /src/pages/delivery/DeliveryConfirmation.jsx, /src/pages/producer/fpo/Dashboard.jsx, /src/pages/producer/farmer/Dashboard.jsx, /src/pages/orders/PlaceOrder.jsx, /src/pages/orders/OrderDetails.jsx, /src/pages/producer/fpo/IncomingOrders.jsx, /src/pages/orders/OrderHistory.jsx, /src/pages/producer/farmer/IncomingOrders.jsx, /src/pages/consumer/Orders.jsx, /src/pages/delivery/DeliveryStatus.jsx, /src/pages/consumer/ProductRequest.jsx, /src/pages/producer/fpo/EditProduct.jsx, /src/pages/marketplace/ProductDetails.jsx, /src/pages/producer/farmer/AddProduct.jsx, /src/pages/producer/fpo/AddProduct.jsx, /src/pages/marketplace/Marketplace.jsx, /src/pages/producer/farmer/EditProduct.jsx, /src/pages/demand/DemandForecast.jsx, /src/pages/producer/fpo/SellProducts.jsx, /src/pages/producer/farmer/MyProducts.jsx, /src/pages/producer/fpo/ManageProducts.jsx, /src/pages/producer/fpo/Profile.jsx, /src/pages/producer/farmer/Profile.jsx, /src/pages/landing/Landing.jsx, /src/pages/producer/farmer/Payments.jsx, /src/pages/producer/fpo/Payments.jsx, /src/pages/logistics/LogisticsDashboard.jsx, /src/pages/logistics/RouteMap.jsx, /src/pages/logistics/VehicleAssignment.jsx, /src/pages/pricing/PriceCalculation.jsx, /src/pages/pricing/PriceForecast.jsx, /src/pages/payment/PaymentHistory.jsx, /src/pages/consumer/Dashboard.jsx, /src/pages/auth/Profile.jsx, /src/pages/marketplace/SearchBar.jsx[22m
[2m6:17:18 pm[22m [36m[1m[vite][22m[39m [33mhmr invalidate [39m[2m/src/context/ChatbotContext.jsx[22m Could not Fast Refresh ("useChatbotContext" export is incompatible). Learn more at https://github.com/vitejs/vite-plugin-react/tree/main/packages/plugin-react#consistent-components-exports
[2m6:17:18 pm[22m [36m[1m[vite][22m[39m [32mhmr update [39m[2m/src/App.jsx, /src/index.css, /src/pages/chatbot/Chatbot.jsx, /src/components/common/ChatFab.jsx[22m
[2m6:17:18 pm[22m [36m[1m[vite][22m[39m [33mhmr invalidate [39m[2m/src/context/AuthContext.jsx[22m Could not Fast Refresh ("roleMatches" export is incompatible). Learn more at https://github.com/vitejs/vite-plugin-react/tree/main/packages/plugin-react#consistent-components-exports
[2m6:17:18 pm[22m [36m[1m[vite][22m[39m [32mhmr update [39m[2m/src/App.jsx, /src/index.css, /src/routes/AppRoutes.jsx, /src/routes/AppLayout.jsx, /src/pages/producer/fpo/IncomingOrders.jsx, /src/pages/producer/farmer/AddProduct.jsx, /src/pages/producer/fpo/AddProduct.jsx, /src/pages/orders/OrderHistory.jsx, /src/routes/ProtectedRoute.jsx, /src/pages/payment/Payment.jsx, /src/pages/auth/Register.jsx, /src/pages/consumer/Dashboard.jsx, /src/pages/payment/PaymentHistory.jsx, /src/pages/producer/fpo/OutgoingOrders.jsx, /src/pages/producer/farmer/Payments.jsx, /src/pages/pricing/PriceCalculation.jsx, /src/pages/producer/farmer/IncomingOrders.jsx, /src/pages/producer/fpo/Payments.jsx, /src/pages/producer/fpo/SellProducts.jsx, /src/pages/producer/fpo/BuyProducts.jsx, /src/pages/producer/farmer/MyProducts.jsx, /src/pages/consumer/Orders.jsx, /src/pages/auth/Profile.jsx, /src/pages/auth/Login.jsx, /src/pages/delivery/DeliveryStatus.jsx, /src/pages/producer/fpo/Dashboard.jsx, /src/pages/producer/fpo/ManageProducts.jsx, /src/pages/producer/fpo/Profile.jsx, /src/pages/producer/farmer/Profile.jsx, /src/pages/producer/farmer/Dashboard.jsx, /src/pages/orders/PlaceOrder.jsx, /src/pages/orders/OrderDetails.jsx, /src/components/navbar/Navbar.jsx, /src/pages/landing/Landing.jsx[22m
[2m6:17:47 pm[22m [36m[1m[vite][22m[39m [32mhmr update [39m[2m/src/index.css, /src/context/ChatbotContext.jsx, /src/context/AuthContext.jsx, /src/pages/auth/ForgotPassword.jsx, /src/pages/producer/fpo/ConfirmOrder.jsx, /src/pages/orders/OrderTracking.jsx, /src/pages/logistics/ShipmentDetails.jsx, /src/pages/payment/Payment.jsx, /src/pages/producer/fpo/OutgoingOrders.jsx, /src/pages/producer/farmer/ConfirmOrder.jsx, /src/pages/producer/fpo/BuyProducts.jsx, /src/pages/payment/PaymentConfirmation.jsx, /src/pages/consumer/OrderTracking.jsx, /src/pages/delivery/DeliveryConfirmation.jsx, /src/pages/producer/fpo/Dashboard.jsx, /src/pages/producer/farmer/Dashboard.jsx, /src/pages/orders/PlaceOrder.jsx, /src/pages/orders/OrderDetails.jsx, /src/pages/producer/fpo/IncomingOrders.jsx, /src/pages/orders/OrderHistory.jsx, /src/pages/producer/farmer/IncomingOrders.jsx, /src/pages/consumer/Orders.jsx, /src/pages/delivery/DeliveryStatus.jsx, /src/pages/consumer/ProductRequest.jsx, /src/pages/producer/fpo/EditProduct.jsx, /src/pages/marketplace/ProductDetails.jsx, /src/pages/producer/farmer/AddProduct.jsx, /src/pages/producer/fpo/AddProduct.jsx, /src/pages/marketplace/Marketplace.jsx, /src/pages/producer/farmer/EditProduct.jsx, /src/pages/demand/DemandForecast.jsx, /src/pages/producer/fpo/SellProducts.jsx, /src/pages/producer/farmer/MyProducts.jsx, /src/pages/producer/fpo/ManageProducts.jsx, /src/pages/producer/fpo/Profile.jsx, /src/pages/producer/farmer/Profile.jsx, /src/pages/landing/Landing.jsx, /src/pages/producer/farmer/Payments.jsx, /src/pages/producer/fpo/Payments.jsx, /src/pages/logistics/LogisticsDashboard.jsx, /src/pages/logistics/RouteMap.jsx, /src/pages/logistics/VehicleAssignment.jsx, /src/pages/pricing/PriceCalculation.jsx, /src/pages/pricing/PriceForecast.jsx, /src/pages/payment/PaymentHistory.jsx, /src/pages/consumer/Dashboard.jsx, /src/pages/auth/Profile.jsx, /src/pages/marketplace/SearchBar.jsx[22m
[2m6:19:28 pm[22m [36m[1m[vite][22m[39m [32mhmr update [39m[2m/src/index.css, /src/context/ChatbotContext.jsx, /src/context/AuthContext.jsx, /src/pages/auth/ForgotPassword.jsx, /src/pages/producer/fpo/ConfirmOrder.jsx, /src/pages/orders/OrderTracking.jsx, /src/pages/logistics/ShipmentDetails.jsx, /src/pages/payment/Payment.jsx, /src/pages/producer/fpo/OutgoingOrders.jsx, /src/pages/producer/farmer/ConfirmOrder.jsx, /src/pages/producer/fpo/BuyProducts.jsx, /src/pages/payment/PaymentConfirmation.jsx, /src/pages/consumer/OrderTracking.jsx, /src/pages/delivery/DeliveryConfirmation.jsx, /src/pages/producer/fpo/Dashboard.jsx, /src/pages/producer/farmer/Dashboard.jsx, /src/pages/orders/PlaceOrder.jsx, /src/pages/orders/OrderDetails.jsx, /src/pages/producer/fpo/IncomingOrders.jsx, /src/pages/orders/OrderHistory.jsx, /src/pages/producer/farmer/IncomingOrders.jsx, /src/pages/consumer/Orders.jsx, /src/pages/delivery/DeliveryStatus.jsx, /src/pages/consumer/ProductRequest.jsx, /src/pages/producer/fpo/EditProduct.jsx, /src/pages/marketplace/ProductDetails.jsx, /src/pages/producer/farmer/AddProduct.jsx, /src/pages/producer/fpo/AddProduct.jsx, /src/pages/marketplace/Marketplace.jsx, /src/pages/producer/farmer/EditProduct.jsx, /src/pages/demand/DemandForecast.jsx, /src/pages/producer/fpo/SellProducts.jsx, /src/pages/producer/farmer/MyProducts.jsx, /src/pages/producer/fpo/ManageProducts.jsx, /src/pages/producer/fpo/Profile.jsx, /src/pages/producer/farmer/Profile.jsx, /src/pages/landing/Landing.jsx, /src/pages/producer/farmer/Payments.jsx, /src/pages/producer/fpo/Payments.jsx, /src/pages/logistics/LogisticsDashboard.jsx, /src/pages/logistics/RouteMap.jsx, /src/pages/logistics/VehicleAssignment.jsx, /src/pages/pricing/PriceCalculation.jsx, /src/pages/pricing/PriceForecast.jsx, /src/pages/payment/PaymentHistory.jsx, /src/pages/consumer/Dashboard.jsx, /src/pages/auth/Profile.jsx, /src/pages/marketplace/SearchBar.jsx[22m
[2m6:19:28 pm[22m [36m[1m[vite][22m[39m [33mhmr invalidate [39m[2m/src/context/ChatbotContext.jsx[22m Could not Fast Refresh ("useChatbotContext" export is incompatible). Learn more at https://github.com/vitejs/vite-plugin-react/tree/main/packages/plugin-react#consistent-components-exports
[2m6:19:28 pm[22m [36m[1m[vite][22m[39m [32mhmr update [39m[2m/src/App.jsx, /src/index.css, /src/pages/chatbot/Chatbot.jsx, /src/components/common/ChatFab.jsx[22m
[2m6:19:28 pm[22m [36m[1m[vite][22m[39m [33mhmr invalidate [39m[2m/src/context/AuthContext.jsx[22m Could not Fast Refresh ("roleMatches" export is incompatible). Learn more at https://github.com/vitejs/vite-plugin-react/tree/main/packages/plugin-react#consistent-components-exports
[2m6:19:28 pm[22m [36m[1m[vite][22m[39m [32mhmr update [39m[2m/src/App.jsx, /src/index.css, /src/routes/AppRoutes.jsx, /src/routes/AppLayout.jsx, /src/pages/producer/fpo/IncomingOrders.jsx, /src/pages/producer/farmer/AddProduct.jsx, /src/pages/producer/fpo/AddProduct.jsx, /src/pages/orders/OrderHistory.jsx, /src/routes/ProtectedRoute.jsx, /src/pages/payment/Payment.jsx, /src/pages/auth/Register.jsx, /src/pages/consumer/Dashboard.jsx, /src/pages/payment/PaymentHistory.jsx, /src/pages/producer/fpo/OutgoingOrders.jsx, /src/pages/producer/farmer/Payments.jsx, /src/pages/pricing/PriceCalculation.jsx, /src/pages/producer/farmer/IncomingOrders.jsx, /src/pages/producer/fpo/Payments.jsx, /src/pages/producer/fpo/SellProducts.jsx, /src/pages/producer/fpo/BuyProducts.jsx, /src/pages/producer/farmer/MyProducts.jsx, /src/pages/consumer/Orders.jsx, /src/pages/auth/Profile.jsx, /src/pages/auth/Login.jsx, /src/pages/delivery/DeliveryStatus.jsx, /src/pages/producer/fpo/Dashboard.jsx, /src/pages/producer/fpo/ManageProducts.jsx, /src/pages/producer/fpo/Profile.jsx, /src/pages/producer/farmer/Profile.jsx, /src/pages/producer/farmer/Dashboard.jsx, /src/pages/orders/PlaceOrder.jsx, /src/pages/orders/OrderDetails.jsx, /src/components/navbar/Navbar.jsx, /src/pages/landing/Landing.jsx[22m
[2m6:19:51 pm[22m [36m[1m[vite][22m[39m [32mhmr update [39m[2m/src/index.css, /src/context/ChatbotContext.jsx, /src/context/AuthContext.jsx, /src/pages/auth/ForgotPassword.jsx, /src/pages/producer/fpo/ConfirmOrder.jsx, /src/pages/orders/OrderTracking.jsx, /src/pages/logistics/ShipmentDetails.jsx, /src/pages/payment/Payment.jsx, /src/pages/producer/fpo/OutgoingOrders.jsx, /src/pages/producer/farmer/ConfirmOrder.jsx, /src/pages/producer/fpo/BuyProducts.jsx, /src/pages/payment/PaymentConfirmation.jsx, /src/pages/consumer/OrderTracking.jsx, /src/pages/delivery/DeliveryConfirmation.jsx, /src/pages/producer/fpo/Dashboard.jsx, /src/pages/producer/farmer/Dashboard.jsx, /src/pages/orders/PlaceOrder.jsx, /src/pages/orders/OrderDetails.jsx, /src/pages/producer/fpo/IncomingOrders.jsx, /src/pages/orders/OrderHistory.jsx, /src/pages/producer/farmer/IncomingOrders.jsx, /src/pages/consumer/Orders.jsx, /src/pages/delivery/DeliveryStatus.jsx, /src/pages/consumer/ProductRequest.jsx, /src/pages/producer/fpo/EditProduct.jsx, /src/pages/marketplace/ProductDetails.jsx, /src/pages/producer/farmer/AddProduct.jsx, /src/pages/producer/fpo/AddProduct.jsx, /src/pages/marketplace/Marketplace.jsx, /src/pages/producer/farmer/EditProduct.jsx, /src/pages/demand/DemandForecast.jsx, /src/pages/producer/fpo/SellProducts.jsx, /src/pages/producer/farmer/MyProducts.jsx, /src/pages/producer/fpo/ManageProducts.jsx, /src/pages/producer/fpo/Profile.jsx, /src/pages/producer/farmer/Profile.jsx, /src/pages/landing/Landing.jsx, /src/pages/producer/farmer/Payments.jsx, /src/pages/producer/fpo/Payments.jsx, /src/pages/logistics/LogisticsDashboard.jsx, /src/pages/logistics/RouteMap.jsx, /src/pages/logistics/VehicleAssignment.jsx, /src/pages/pricing/PriceCalculation.jsx, /src/pages/pricing/PriceForecast.jsx, /src/pages/payment/PaymentHistory.jsx, /src/pages/consumer/Dashboard.jsx, /src/pages/auth/Profile.jsx, /src/pages/marketplace/SearchBar.jsx[22m
[2m6:19:52 pm[22m [36m[1m[vite][22m[39m [33mhmr invalidate [39m[2m/src/context/ChatbotContext.jsx[22m Could not Fast Refresh ("useChatbotContext" export is incompatible). Learn more at https://github.com/vitejs/vite-plugin-react/tree/main/packages/plugin-react#consistent-components-exports
[2m6:19:52 pm[22m [36m[1m[vite][22m[39m [32mhmr update [39m[2m/src/App.jsx, /src/index.css, /src/pages/chatbot/Chatbot.jsx, /src/components/common/ChatFab.jsx[22m
[2m6:19:52 pm[22m [36m[1m[vite][22m[39m [33mhmr invalidate [39m[2m/src/context/AuthContext.jsx[22m Could not Fast Refresh ("roleMatches" export is incompatible). Learn more at https://github.com/vitejs/vite-plugin-react/tree/main/packages/plugin-react#consistent-components-exports
[2m6:19:52 pm[22m [36m[1m[vite][22m[39m [32mhmr update [39m[2m/src/App.jsx, /src/index.css, /src/routes/AppRoutes.jsx, /src/routes/AppLayout.jsx, /src/pages/producer/fpo/IncomingOrders.jsx, /src/pages/producer/farmer/AddProduct.jsx, /src/pages/producer/fpo/AddProduct.jsx, /src/pages/orders/OrderHistory.jsx, /src/routes/ProtectedRoute.jsx, /src/pages/payment/Payment.jsx, /src/pages/auth/Register.jsx, /src/pages/consumer/Dashboard.jsx, /src/pages/payment/PaymentHistory.jsx, /src/pages/producer/fpo/OutgoingOrders.jsx, /src/pages/producer/farmer/Payments.jsx, /src/pages/pricing/PriceCalculation.jsx, /src/pages/producer/farmer/IncomingOrders.jsx, /src/pages/producer/fpo/Payments.jsx, /src/pages/producer/fpo/SellProducts.jsx, /src/pages/producer/fpo/BuyProducts.jsx, /src/pages/producer/farmer/MyProducts.jsx, /src/pages/consumer/Orders.jsx, /src/pages/auth/Profile.jsx, /src/pages/auth/Login.jsx, /src/pages/delivery/DeliveryStatus.jsx, /src/pages/producer/fpo/Dashboard.jsx, /src/pages/producer/fpo/ManageProducts.jsx, /src/pages/producer/fpo/Profile.jsx, /src/pages/producer/farmer/Profile.jsx, /src/pages/producer/farmer/Dashboard.jsx, /src/pages/orders/PlaceOrder.jsx, /src/pages/orders/OrderDetails.jsx, /src/components/navbar/Navbar.jsx, /src/pages/landing/Landing.jsx[22m
[2m6:20:13 pm[22m [36m[1m[vite][22m[39m [32mhmr update [39m[2m/src/index.css, /src/context/ChatbotContext.jsx, /src/context/AuthContext.jsx, /src/pages/auth/ForgotPassword.jsx, /src/pages/producer/fpo/ConfirmOrder.jsx, /src/pages/orders/OrderTracking.jsx, /src/pages/logistics/ShipmentDetails.jsx, /src/pages/payment/Payment.jsx, /src/pages/producer/fpo/OutgoingOrders.jsx, /src/pages/producer/farmer/ConfirmOrder.jsx, /src/pages/producer/fpo/BuyProducts.jsx, /src/pages/payment/PaymentConfirmation.jsx, /src/pages/consumer/OrderTracking.jsx, /src/pages/delivery/DeliveryConfirmation.jsx, /src/pages/producer/fpo/Dashboard.jsx, /src/pages/producer/farmer/Dashboard.jsx, /src/pages/orders/PlaceOrder.jsx, /src/pages/orders/OrderDetails.jsx, /src/pages/producer/fpo/IncomingOrders.jsx, /src/pages/orders/OrderHistory.jsx, /src/pages/producer/farmer/IncomingOrders.jsx, /src/pages/consumer/Orders.jsx, /src/pages/delivery/DeliveryStatus.jsx, /src/pages/consumer/ProductRequest.jsx, /src/pages/producer/fpo/EditProduct.jsx, /src/pages/marketplace/ProductDetails.jsx, /src/pages/producer/farmer/AddProduct.jsx, /src/pages/producer/fpo/AddProduct.jsx, /src/pages/marketplace/Marketplace.jsx, /src/pages/producer/farmer/EditProduct.jsx, /src/pages/demand/DemandForecast.jsx, /src/pages/producer/fpo/SellProducts.jsx, /src/pages/producer/farmer/MyProducts.jsx, /src/pages/producer/fpo/ManageProducts.jsx, /src/pages/producer/fpo/Profile.jsx, /src/pages/producer/farmer/Profile.jsx, /src/pages/landing/Landing.jsx, /src/pages/producer/farmer/Payments.jsx, /src/pages/producer/fpo/Payments.jsx, /src/pages/logistics/LogisticsDashboard.jsx, /src/pages/logistics/RouteMap.jsx, /src/pages/logistics/VehicleAssignment.jsx, /src/pages/pricing/PriceCalculation.jsx, /src/pages/pricing/PriceForecast.jsx, /src/pages/payment/PaymentHistory.jsx, /src/pages/consumer/Dashboard.jsx, /src/pages/auth/Profile.jsx, /src/pages/marketplace/SearchBar.jsx[22m
[2m6:20:29 pm[22m [36m[1m[vite][22m[39m [32mhmr update [39m[2m/src/index.css, /src/context/ChatbotContext.jsx, /src/context/AuthContext.jsx, /src/pages/auth/ForgotPassword.jsx, /src/pages/producer/fpo/ConfirmOrder.jsx, /src/pages/orders/OrderTracking.jsx, /src/pages/logistics/ShipmentDetails.jsx, /src/pages/payment/Payment.jsx, /src/pages/producer/fpo/OutgoingOrders.jsx, /src/pages/producer/farmer/ConfirmOrder.jsx, /src/pages/producer/fpo/BuyProducts.jsx, /src/pages/payment/PaymentConfirmation.jsx, /src/pages/consumer/OrderTracking.jsx, /src/pages/delivery/DeliveryConfirmation.jsx, /src/pages/producer/fpo/Dashboard.jsx, /src/pages/producer/farmer/Dashboard.jsx, /src/pages/orders/PlaceOrder.jsx, /src/pages/orders/OrderDetails.jsx, /src/pages/producer/fpo/IncomingOrders.jsx, /src/pages/orders/OrderHistory.jsx, /src/pages/producer/farmer/IncomingOrders.jsx, /src/pages/consumer/Orders.jsx, /src/pages/delivery/DeliveryStatus.jsx, /src/pages/consumer/ProductRequest.jsx, /src/pages/producer/fpo/EditProduct.jsx, /src/pages/marketplace/ProductDetails.jsx, /src/pages/producer/farmer/AddProduct.jsx, /src/pages/producer/fpo/AddProduct.jsx, /src/pages/marketplace/Marketplace.jsx, /src/pages/producer/farmer/EditProduct.jsx, /src/pages/demand/DemandForecast.jsx, /src/pages/producer/fpo/SellProducts.jsx, /src/pages/producer/farmer/MyProducts.jsx, /src/pages/producer/fpo/ManageProducts.jsx, /src/pages/producer/fpo/Profile.jsx, /src/pages/producer/farmer/Profile.jsx, /src/pages/landing/Landing.jsx, /src/pages/producer/farmer/Payments.jsx, /src/pages/producer/fpo/Payments.jsx, /src/pages/logistics/LogisticsDashboard.jsx, /src/pages/logistics/RouteMap.jsx, /src/pages/logistics/VehicleAssignment.jsx, /src/pages/pricing/PriceCalculation.jsx, /src/pages/pricing/PriceForecast.jsx, /src/pages/payment/PaymentHistory.jsx, /src/pages/consumer/Dashboard.jsx, /src/pages/auth/Profile.jsx, /src/pages/marketplace/SearchBar.jsx[22m
[2m6:20:29 pm[22m [36m[1m[vite][22m[39m [33mhmr invalidate [39m[2m/src/context/ChatbotContext.jsx[22m Could not Fast Refresh ("useChatbotContext" export is incompatible). Learn more at https://github.com/vitejs/vite-plugin-react/tree/main/packages/plugin-react#consistent-components-exports
[2m6:20:29 pm[22m [36m[1m[vite][22m[39m [32mhmr update [39m[2m/src/App.jsx, /src/index.css, /src/pages/chatbot/Chatbot.jsx, /src/components/common/ChatFab.jsx[22m
[2m6:20:29 pm[22m [36m[1m[vite][22m[39m [33mhmr invalidate [39m[2m/src/context/AuthContext.jsx[22m Could not Fast Refresh ("roleMatches" export is incompatible). Learn more at https://github.com/vitejs/vite-plugin-react/tree/main/packages/plugin-react#consistent-components-exports
[2m6:20:29 pm[22m [36m[1m[vite][22m[39m [32mhmr update [39m[2m/src/App.jsx, /src/index.css, /src/routes/AppRoutes.jsx, /src/routes/AppLayout.jsx, /src/pages/producer/fpo/IncomingOrders.jsx, /src/pages/producer/farmer/AddProduct.jsx, /src/pages/producer/fpo/AddProduct.jsx, /src/pages/orders/OrderHistory.jsx, /src/routes/ProtectedRoute.jsx, /src/pages/payment/Payment.jsx, /src/pages/auth/Register.jsx, /src/pages/consumer/Dashboard.jsx, /src/pages/payment/PaymentHistory.jsx, /src/pages/producer/fpo/OutgoingOrders.jsx, /src/pages/producer/farmer/Payments.jsx, /src/pages/pricing/PriceCalculation.jsx, /src/pages/producer/farmer/IncomingOrders.jsx, /src/pages/producer/fpo/Payments.jsx, /src/pages/producer/fpo/SellProducts.jsx, /src/pages/producer/fpo/BuyProducts.jsx, /src/pages/producer/farmer/MyProducts.jsx, /src/pages/consumer/Orders.jsx, /src/pages/auth/Profile.jsx, /src/pages/auth/Login.jsx, /src/pages/delivery/DeliveryStatus.jsx, /src/pages/producer/fpo/Dashboard.jsx, /src/pages/producer/fpo/ManageProducts.jsx, /src/pages/producer/fpo/Profile.jsx, /src/pages/producer/farmer/Profile.jsx, /src/pages/producer/farmer/Dashboard.jsx, /src/pages/orders/PlaceOrder.jsx, /src/pages/orders/OrderDetails.jsx, /src/components/navbar/Navbar.jsx, /src/pages/landing/Landing.jsx[22m
[2m6:21:15 pm[22m [36m[1m[vite][22m[39m [32mhmr update [39m[2m/src/index.css, /src/context/ChatbotContext.jsx, /src/context/AuthContext.jsx, /src/pages/auth/ForgotPassword.jsx, /src/pages/producer/fpo/ConfirmOrder.jsx, /src/pages/orders/OrderTracking.jsx, /src/pages/logistics/ShipmentDetails.jsx, /src/pages/payment/Payment.jsx, /src/pages/producer/fpo/OutgoingOrders.jsx, /src/pages/producer/farmer/ConfirmOrder.jsx, /src/pages/producer/fpo/BuyProducts.jsx, /src/pages/payment/PaymentConfirmation.jsx, /src/pages/consumer/OrderTracking.jsx, /src/pages/delivery/DeliveryConfirmation.jsx, /src/pages/producer/fpo/Dashboard.jsx, /src/pages/producer/farmer/Dashboard.jsx, /src/pages/orders/PlaceOrder.jsx, /src/pages/orders/OrderDetails.jsx, /src/pages/producer/fpo/IncomingOrders.jsx, /src/pages/orders/OrderHistory.jsx, /src/pages/producer/farmer/IncomingOrders.jsx, /src/pages/consumer/Orders.jsx, /src/pages/delivery/DeliveryStatus.jsx, /src/pages/consumer/ProductRequest.jsx, /src/pages/producer/fpo/EditProduct.jsx, /src/pages/marketplace/ProductDetails.jsx, /src/pages/producer/farmer/AddProduct.jsx, /src/pages/producer/fpo/AddProduct.jsx, /src/pages/marketplace/Marketplace.jsx, /src/pages/producer/farmer/EditProduct.jsx, /src/pages/demand/DemandForecast.jsx, /src/pages/producer/fpo/SellProducts.jsx, /src/pages/producer/farmer/MyProducts.jsx, /src/pages/producer/fpo/ManageProducts.jsx, /src/pages/producer/fpo/Profile.jsx, /src/pages/producer/farmer/Profile.jsx, /src/pages/landing/Landing.jsx, /src/pages/producer/farmer/Payments.jsx, /src/pages/producer/fpo/Payments.jsx, /src/pages/logistics/LogisticsDashboard.jsx, /src/pages/logistics/RouteMap.jsx, /src/pages/logistics/VehicleAssignment.jsx, /src/pages/pricing/PriceCalculation.jsx, /src/pages/pricing/PriceForecast.jsx, /src/pages/payment/PaymentHistory.jsx, /src/pages/consumer/Dashboard.jsx, /src/pages/auth/Profile.jsx, /src/pages/marketplace/SearchBar.jsx[22m
[2m6:21:15 pm[22m [36m[1m[vite][22m[39m [33mhmr invalidate [39m[2m/src/context/ChatbotContext.jsx[22m Could not Fast Refresh ("useChatbotContext" export is incompatible). Learn more at https://github.com/vitejs/vite-plugin-react/tree/main/packages/plugin-react#consistent-components-exports
[2m6:21:15 pm[22m [36m[1m[vite][22m[39m [32mhmr update [39m[2m/src/App.jsx, /src/index.css, /src/pages/chatbot/Chatbot.jsx, /src/components/common/ChatFab.jsx[22m
[2m6:21:15 pm[22m [36m[1m[vite][22m[39m [33mhmr invalidate [39m[2m/src/context/AuthContext.jsx[22m Could not Fast Refresh ("roleMatches" export is incompatible). Learn more at https://github.com/vitejs/vite-plugin-react/tree/main/packages/plugin-react#consistent-components-exports
[2m6:21:15 pm[22m [36m[1m[vite][22m[39m [32mhmr update [39m[2m/src/App.jsx, /src/index.css, /src/routes/AppRoutes.jsx, /src/routes/AppLayout.jsx, /src/pages/producer/fpo/IncomingOrders.jsx, /src/pages/producer/farmer/AddProduct.jsx, /src/pages/producer/fpo/AddProduct.jsx, /src/pages/orders/OrderHistory.jsx, /src/routes/ProtectedRoute.jsx, /src/pages/payment/Payment.jsx, /src/pages/auth/Register.jsx, /src/pages/consumer/Dashboard.jsx, /src/pages/payment/PaymentHistory.jsx, /src/pages/producer/fpo/OutgoingOrders.jsx, /src/pages/producer/farmer/Payments.jsx, /src/pages/pricing/PriceCalculation.jsx, /src/pages/producer/farmer/IncomingOrders.jsx, /src/pages/producer/fpo/Payments.jsx, /src/pages/producer/fpo/SellProducts.jsx, /src/pages/producer/fpo/BuyProducts.jsx, /src/pages/producer/farmer/MyProducts.jsx, /src/pages/consumer/Orders.jsx, /src/pages/auth/Profile.jsx, /src/pages/auth/Login.jsx, /src/pages/delivery/DeliveryStatus.jsx, /src/pages/producer/fpo/Dashboard.jsx, /src/pages/producer/fpo/ManageProducts.jsx, /src/pages/producer/fpo/Profile.jsx, /src/pages/producer/farmer/Profile.jsx, /src/pages/producer/farmer/Dashboard.jsx, /src/pages/orders/PlaceOrder.jsx, /src/pages/orders/OrderDetails.jsx, /src/components/navbar/Navbar.jsx, /src/pages/landing/Landing.jsx[22m
[2m6:22:34 pm[22m [36m[1m[vite][22m[39m [32mhmr update [39m[2m/src/index.css, /src/context/ChatbotContext.jsx, /src/context/AuthContext.jsx, /src/pages/auth/ForgotPassword.jsx, /src/pages/producer/fpo/ConfirmOrder.jsx, /src/pages/orders/OrderTracking.jsx, /src/pages/logistics/ShipmentDetails.jsx, /src/pages/payment/Payment.jsx, /src/pages/producer/fpo/OutgoingOrders.jsx, /src/pages/producer/farmer/ConfirmOrder.jsx, /src/pages/producer/fpo/BuyProducts.jsx, /src/pages/payment/PaymentConfirmation.jsx, /src/pages/consumer/OrderTracking.jsx, /src/pages/delivery/DeliveryConfirmation.jsx, /src/pages/producer/fpo/Dashboard.jsx, /src/pages/producer/farmer/Dashboard.jsx, /src/pages/orders/PlaceOrder.jsx, /src/pages/orders/OrderDetails.jsx, /src/pages/producer/fpo/IncomingOrders.jsx, /src/pages/orders/OrderHistory.jsx, /src/pages/producer/farmer/IncomingOrders.jsx, /src/pages/consumer/Orders.jsx, /src/pages/delivery/DeliveryStatus.jsx, /src/pages/consumer/ProductRequest.jsx, /src/pages/producer/fpo/EditProduct.jsx, /src/pages/marketplace/ProductDetails.jsx, /src/pages/producer/farmer/AddProduct.jsx, /src/pages/producer/fpo/AddProduct.jsx, /src/pages/marketplace/Marketplace.jsx, /src/pages/producer/farmer/EditProduct.jsx, /src/pages/demand/DemandForecast.jsx, /src/pages/producer/fpo/SellProducts.jsx, /src/pages/producer/farmer/MyProducts.jsx, /src/pages/producer/fpo/ManageProducts.jsx, /src/pages/producer/fpo/Profile.jsx, /src/pages/producer/farmer/Profile.jsx, /src/pages/landing/Landing.jsx, /src/pages/producer/farmer/Payments.jsx, /src/pages/producer/fpo/Payments.jsx, /src/pages/logistics/LogisticsDashboard.jsx, /src/pages/logistics/RouteMap.jsx, /src/pages/logistics/VehicleAssignment.jsx, /src/pages/pricing/PriceCalculation.jsx, /src/pages/pricing/PriceForecast.jsx, /src/pages/payment/PaymentHistory.jsx, /src/pages/consumer/Dashboard.jsx, /src/pages/auth/Profile.jsx, /src/pages/marketplace/SearchBar.jsx[22m
[2m6:22:35 pm[22m [36m[1m[vite][22m[39m [33mhmr invalidate [39m[2m/src/context/ChatbotContext.jsx[22m Could not Fast Refresh ("useChatbotContext" export is incompatible). Learn more at https://github.com/vitejs/vite-plugin-react/tree/main/packages/plugin-react#consistent-components-exports
[2m6:22:35 pm[22m [36m[1m[vite][22m[39m [32mhmr update [39m[2m/src/App.jsx, /src/index.css, /src/pages/chatbot/Chatbot.jsx, /src/components/common/ChatFab.jsx[22m
[2m6:22:35 pm[22m [36m[1m[vite][22m[39m [33mhmr invalidate [39m[2m/src/context/AuthContext.jsx[22m Could not Fast Refresh ("roleMatches" export is incompatible). Learn more at https://github.com/vitejs/vite-plugin-react/tree/main/packages/plugin-react#consistent-components-exports
[2m6:22:35 pm[22m [36m[1m[vite][22m[39m [32mhmr update [39m[2m/src/App.jsx, /src/index.css, /src/routes/AppRoutes.jsx, /src/routes/AppLayout.jsx, /src/pages/producer/fpo/IncomingOrders.jsx, /src/pages/producer/farmer/AddProduct.jsx, /src/pages/producer/fpo/AddProduct.jsx, /src/pages/orders/OrderHistory.jsx, /src/routes/ProtectedRoute.jsx, /src/pages/payment/Payment.jsx, /src/pages/auth/Register.jsx, /src/pages/consumer/Dashboard.jsx, /src/pages/payment/PaymentHistory.jsx, /src/pages/producer/fpo/OutgoingOrders.jsx, /src/pages/producer/farmer/Payments.jsx, /src/pages/pricing/PriceCalculation.jsx, /src/pages/producer/farmer/IncomingOrders.jsx, /src/pages/producer/fpo/Payments.jsx, /src/pages/producer/fpo/SellProducts.jsx, /src/pages/producer/fpo/BuyProducts.jsx, /src/pages/producer/farmer/MyProducts.jsx, /src/pages/consumer/Orders.jsx, /src/pages/auth/Profile.jsx, /src/pages/auth/Login.jsx, /src/pages/delivery/DeliveryStatus.jsx, /src/pages/producer/fpo/Dashboard.jsx, /src/pages/producer/fpo/ManageProducts.jsx, /src/pages/producer/fpo/Profile.jsx, /src/pages/producer/farmer/Profile.jsx, /src/pages/producer/farmer/Dashboard.jsx, /src/pages/orders/PlaceOrder.jsx, /src/pages/orders/OrderDetails.jsx, /src/components/navbar/Navbar.jsx, /src/pages/landing/Landing.jsx[22m
[2m6:22:50 pm[22m [36m[1m[vite][22m[39m [32mhmr update [39m[2m/src/index.css, /src/context/ChatbotContext.jsx, /src/context/AuthContext.jsx, /src/pages/auth/ForgotPassword.jsx, /src/pages/producer/fpo/ConfirmOrder.jsx, /src/pages/orders/OrderTracking.jsx, /src/pages/logistics/ShipmentDetails.jsx, /src/pages/payment/Payment.jsx, /src/pages/producer/fpo/OutgoingOrders.jsx, /src/pages/producer/farmer/ConfirmOrder.jsx, /src/pages/producer/fpo/BuyProducts.jsx, /src/pages/payment/PaymentConfirmation.jsx, /src/pages/consumer/OrderTracking.jsx, /src/pages/delivery/DeliveryConfirmation.jsx, /src/pages/producer/fpo/Dashboard.jsx, /src/pages/producer/farmer/Dashboard.jsx, /src/pages/orders/PlaceOrder.jsx, /src/pages/orders/OrderDetails.jsx, /src/pages/producer/fpo/IncomingOrders.jsx, /src/pages/orders/OrderHistory.jsx, /src/pages/producer/farmer/IncomingOrders.jsx, /src/pages/consumer/Orders.jsx, /src/pages/delivery/DeliveryStatus.jsx, /src/pages/consumer/ProductRequest.jsx, /src/pages/producer/fpo/EditProduct.jsx, /src/pages/marketplace/ProductDetails.jsx, /src/pages/producer/farmer/AddProduct.jsx, /src/pages/producer/fpo/AddProduct.jsx, /src/pages/marketplace/Marketplace.jsx, /src/pages/producer/farmer/EditProduct.jsx, /src/pages/demand/DemandForecast.jsx, /src/pages/producer/fpo/SellProducts.jsx, /src/pages/producer/farmer/MyProducts.jsx, /src/pages/producer/fpo/ManageProducts.jsx, /src/pages/producer/fpo/Profile.jsx, /src/pages/producer/farmer/Profile.jsx, /src/pages/landing/Landing.jsx, /src/pages/producer/farmer/Payments.jsx, /src/pages/producer/fpo/Payments.jsx, /src/pages/logistics/LogisticsDashboard.jsx, /src/pages/logistics/RouteMap.jsx, /src/pages/logistics/VehicleAssignment.jsx, /src/pages/pricing/PriceCalculation.jsx, /src/pages/pricing/PriceForecast.jsx, /src/pages/payment/PaymentHistory.jsx, /src/pages/consumer/Dashboard.jsx, /src/pages/auth/Profile.jsx, /src/pages/marketplace/SearchBar.jsx[22m
[2m6:22:51 pm[22m [36m[1m[vite][22m[39m [33mhmr invalidate [39m[2m/src/context/ChatbotContext.jsx[22m Could not Fast Refresh ("useChatbotContext" export is incompatible). Learn more at https://github.com/vitejs/vite-plugin-react/tree/main/packages/plugin-react#consistent-components-exports
[2m6:22:51 pm[22m [36m[1m[vite][22m[39m [32mhmr update [39m[2m/src/App.jsx, /src/index.css, /src/pages/chatbot/Chatbot.jsx, /src/components/common/ChatFab.jsx[22m
[2m6:22:51 pm[22m [36m[1m[vite][22m[39m [33mhmr invalidate [39m[2m/src/context/AuthContext.jsx[22m Could not Fast Refresh ("roleMatches" export is incompatible). Learn more at https://github.com/vitejs/vite-plugin-react/tree/main/packages/plugin-react#consistent-components-exports
[2m6:22:51 pm[22m [36m[1m[vite][22m[39m [32mhmr update [39m[2m/src/App.jsx, /src/index.css, /src/routes/AppRoutes.jsx, /src/routes/AppLayout.jsx, /src/pages/producer/fpo/IncomingOrders.jsx, /src/pages/producer/farmer/AddProduct.jsx, /src/pages/producer/fpo/AddProduct.jsx, /src/pages/orders/OrderHistory.jsx, /src/routes/ProtectedRoute.jsx, /src/pages/payment/Payment.jsx, /src/pages/auth/Register.jsx, /src/pages/consumer/Dashboard.jsx, /src/pages/payment/PaymentHistory.jsx, /src/pages/producer/fpo/OutgoingOrders.jsx, /src/pages/producer/farmer/Payments.jsx, /src/pages/pricing/PriceCalculation.jsx, /src/pages/producer/farmer/IncomingOrders.jsx, /src/pages/producer/fpo/Payments.jsx, /src/pages/producer/fpo/SellProducts.jsx, /src/pages/producer/fpo/BuyProducts.jsx, /src/pages/producer/farmer/MyProducts.jsx, /src/pages/consumer/Orders.jsx, /src/pages/auth/Profile.jsx, /src/pages/auth/Login.jsx, /src/pages/delivery/DeliveryStatus.jsx, /src/pages/producer/fpo/Dashboard.jsx, /src/pages/producer/fpo/ManageProducts.jsx, /src/pages/producer/fpo/Profile.jsx, /src/pages/producer/farmer/Profile.jsx, /src/pages/producer/farmer/Dashboard.jsx, /src/pages/orders/PlaceOrder.jsx, /src/pages/orders/OrderDetails.jsx, /src/components/navbar/Navbar.jsx, /src/pages/landing/Landing.jsx[22m
[2m6:24:37 pm[22m [36m[1m[vite][22m[39m [32mhmr update [39m[2m/src/index.css, /src/context/ChatbotContext.jsx, /src/context/AuthContext.jsx, /src/pages/auth/ForgotPassword.jsx, /src/pages/producer/fpo/ConfirmOrder.jsx, /src/pages/orders/OrderTracking.jsx, /src/pages/logistics/ShipmentDetails.jsx, /src/pages/payment/Payment.jsx, /src/pages/producer/fpo/OutgoingOrders.jsx, /src/pages/producer/farmer/ConfirmOrder.jsx, /src/pages/producer/fpo/BuyProducts.jsx, /src/pages/payment/PaymentConfirmation.jsx, /src/pages/consumer/OrderTracking.jsx, /src/pages/delivery/DeliveryConfirmation.jsx, /src/pages/producer/fpo/Dashboard.jsx, /src/pages/producer/farmer/Dashboard.jsx, /src/pages/orders/PlaceOrder.jsx, /src/pages/orders/OrderDetails.jsx, /src/pages/producer/fpo/IncomingOrders.jsx, /src/pages/orders/OrderHistory.jsx, /src/pages/producer/farmer/IncomingOrders.jsx, /src/pages/consumer/Orders.jsx, /src/pages/delivery/DeliveryStatus.jsx, /src/pages/consumer/ProductRequest.jsx, /src/pages/producer/fpo/EditProduct.jsx, /src/pages/marketplace/ProductDetails.jsx, /src/pages/producer/farmer/AddProduct.jsx, /src/pages/producer/fpo/AddProduct.jsx, /src/pages/marketplace/Marketplace.jsx, /src/pages/producer/farmer/EditProduct.jsx, /src/pages/demand/DemandForecast.jsx, /src/pages/producer/fpo/SellProducts.jsx, /src/pages/producer/farmer/MyProducts.jsx, /src/pages/producer/fpo/ManageProducts.jsx, /src/pages/producer/fpo/Profile.jsx, /src/pages/producer/farmer/Profile.jsx, /src/pages/landing/Landing.jsx, /src/pages/producer/farmer/Payments.jsx, /src/pages/producer/fpo/Payments.jsx, /src/pages/logistics/LogisticsDashboard.jsx, /src/pages/logistics/RouteMap.jsx, /src/pages/logistics/VehicleAssignment.jsx, /src/pages/pricing/PriceCalculation.jsx, /src/pages/pricing/PriceForecast.jsx, /src/pages/payment/PaymentHistory.jsx, /src/pages/consumer/Dashboard.jsx, /src/pages/auth/Profile.jsx, /src/pages/marketplace/SearchBar.jsx[22m
[2m6:24:38 pm[22m [36m[1m[vite][22m[39m [33mhmr invalidate [39m[2m/src/context/ChatbotContext.jsx[22m Could not Fast Refresh ("useChatbotContext" export is incompatible). Learn more at https://github.com/vitejs/vite-plugin-react/tree/main/packages/plugin-react#consistent-components-exports
[2m6:24:38 pm[22m [36m[1m[vite][22m[39m [32mhmr update [39m[2m/src/App.jsx, /src/index.css, /src/pages/chatbot/Chatbot.jsx, /src/components/common/ChatFab.jsx[22m
[2m6:24:38 pm[22m [36m[1m[vite][22m[39m [33mhmr invalidate [39m[2m/src/context/AuthContext.jsx[22m Could not Fast Refresh ("roleMatches" export is incompatible). Learn more at https://github.com/vitejs/vite-plugin-react/tree/main/packages/plugin-react#consistent-components-exports
[2m6:24:38 pm[22m [36m[1m[vite][22m[39m [32mhmr update [39m[2m/src/App.jsx, /src/index.css, /src/routes/AppRoutes.jsx, /src/routes/AppLayout.jsx, /src/pages/producer/fpo/IncomingOrders.jsx, /src/pages/producer/farmer/AddProduct.jsx, /src/pages/producer/fpo/AddProduct.jsx, /src/pages/orders/OrderHistory.jsx, /src/routes/ProtectedRoute.jsx, /src/pages/payment/Payment.jsx, /src/pages/auth/Register.jsx, /src/pages/consumer/Dashboard.jsx, /src/pages/payment/PaymentHistory.jsx, /src/pages/producer/fpo/OutgoingOrders.jsx, /src/pages/producer/farmer/Payments.jsx, /src/pages/pricing/PriceCalculation.jsx, /src/pages/producer/farmer/IncomingOrders.jsx, /src/pages/producer/fpo/Payments.jsx, /src/pages/producer/fpo/SellProducts.jsx, /src/pages/producer/fpo/BuyProducts.jsx, /src/pages/producer/farmer/MyProducts.jsx, /src/pages/consumer/Orders.jsx, /src/pages/auth/Profile.jsx, /src/pages/auth/Login.jsx, /src/pages/delivery/DeliveryStatus.jsx, /src/pages/producer/fpo/Dashboard.jsx, /src/pages/producer/fpo/ManageProducts.jsx, /src/pages/producer/fpo/Profile.jsx, /src/pages/producer/farmer/Profile.jsx, /src/pages/producer/farmer/Dashboard.jsx, /src/pages/orders/PlaceOrder.jsx, /src/pages/orders/OrderDetails.jsx, /src/components/navbar/Navbar.jsx, /src/pages/landing/Landing.jsx[22m
[2m6:24:44 pm[22m [36m[1m[vite][22m[39m [32mhmr update [39m[2m/src/index.css, /src/context/ChatbotContext.jsx, /src/context/AuthContext.jsx, /src/pages/auth/ForgotPassword.jsx, /src/pages/producer/fpo/ConfirmOrder.jsx, /src/pages/orders/OrderTracking.jsx, /src/pages/logistics/ShipmentDetails.jsx, /src/pages/payment/Payment.jsx, /src/pages/producer/fpo/OutgoingOrders.jsx, /src/pages/producer/farmer/ConfirmOrder.jsx, /src/pages/producer/fpo/BuyProducts.jsx, /src/pages/payment/PaymentConfirmation.jsx, /src/pages/consumer/OrderTracking.jsx, /src/pages/delivery/DeliveryConfirmation.jsx, /src/pages/producer/fpo/Dashboard.jsx, /src/pages/producer/farmer/Dashboard.jsx, /src/pages/orders/PlaceOrder.jsx, /src/pages/orders/OrderDetails.jsx, /src/pages/producer/fpo/IncomingOrders.jsx, /src/pages/orders/OrderHistory.jsx, /src/pages/producer/farmer/IncomingOrders.jsx, /src/pages/consumer/Orders.jsx, /src/pages/delivery/DeliveryStatus.jsx, /src/pages/consumer/ProductRequest.jsx, /src/pages/producer/fpo/EditProduct.jsx, /src/pages/marketplace/ProductDetails.jsx, /src/pages/producer/farmer/AddProduct.jsx, /src/pages/producer/fpo/AddProduct.jsx, /src/pages/marketplace/Marketplace.jsx, /src/pages/producer/farmer/EditProduct.jsx, /src/pages/demand/DemandForecast.jsx, /src/pages/producer/fpo/SellProducts.jsx, /src/pages/producer/farmer/MyProducts.jsx, /src/pages/producer/fpo/ManageProducts.jsx, /src/pages/producer/fpo/Profile.jsx, /src/pages/producer/farmer/Profile.jsx, /src/pages/landing/Landing.jsx, /src/pages/producer/farmer/Payments.jsx, /src/pages/producer/fpo/Payments.jsx, /src/pages/logistics/LogisticsDashboard.jsx, /src/pages/logistics/RouteMap.jsx, /src/pages/logistics/VehicleAssignment.jsx, /src/pages/pricing/PriceCalculation.jsx, /src/pages/pricing/PriceForecast.jsx, /src/pages/payment/PaymentHistory.jsx, /src/pages/consumer/Dashboard.jsx, /src/pages/auth/Profile.jsx, /src/pages/marketplace/SearchBar.jsx[22m
[2m6:24:44 pm[22m [36m[1m[vite][22m[39m [33mhmr invalidate [39m[2m/src/context/ChatbotContext.jsx[22m Could not Fast Refresh ("useChatbotContext" export is incompatible). Learn more at https://github.com/vitejs/vite-plugin-react/tree/main/packages/plugin-react#consistent-components-exports
[2m6:24:44 pm[22m [36m[1m[vite][22m[39m [32mhmr update [39m[2m/src/App.jsx, /src/index.css, /src/pages/chatbot/Chatbot.jsx, /src/components/common/ChatFab.jsx[22m
[2m6:24:44 pm[22m [36m[1m[vite][22m[39m [33mhmr invalidate [39m[2m/src/context/AuthContext.jsx[22m Could not Fast Refresh ("roleMatches" export is incompatible). Learn more at https://github.com/vitejs/vite-plugin-react/tree/main/packages/plugin-react#consistent-components-exports
[2m6:24:44 pm[22m [36m[1m[vite][22m[39m [32mhmr update [39m[2m/src/App.jsx, /src/index.css, /src/routes/AppRoutes.jsx, /src/routes/AppLayout.jsx, /src/pages/producer/fpo/IncomingOrders.jsx, /src/pages/producer/farmer/AddProduct.jsx, /src/pages/producer/fpo/AddProduct.jsx, /src/pages/orders/OrderHistory.jsx, /src/routes/ProtectedRoute.jsx, /src/pages/payment/Payment.jsx, /src/pages/auth/Register.jsx, /src/pages/consumer/Dashboard.jsx, /src/pages/payment/PaymentHistory.jsx, /src/pages/producer/fpo/OutgoingOrders.jsx, /src/pages/producer/farmer/Payments.jsx, /src/pages/pricing/PriceCalculation.jsx, /src/pages/producer/farmer/IncomingOrders.jsx, /src/pages/producer/fpo/Payments.jsx, /src/pages/producer/fpo/SellProducts.jsx, /src/pages/producer/fpo/BuyProducts.jsx, /src/pages/producer/farmer/MyProducts.jsx, /src/pages/consumer/Orders.jsx, /src/pages/auth/Profile.jsx, /src/pages/auth/Login.jsx, /src/pages/delivery/DeliveryStatus.jsx, /src/pages/producer/fpo/Dashboard.jsx, /src/pages/producer/fpo/ManageProducts.jsx, /src/pages/producer/fpo/Profile.jsx, /src/pages/producer/farmer/Profile.jsx, /src/pages/producer/farmer/Dashboard.jsx, /src/pages/orders/PlaceOrder.jsx, /src/pages/orders/OrderDetails.jsx, /src/components/navbar/Navbar.jsx, /src/pages/landing/Landing.jsx[22m
[2m6:26:14 pm[22m [36m[1m[vite][22m[39m [32mhmr update [39m[2m/src/index.css, /src/context/ChatbotContext.jsx, /src/context/AuthContext.jsx, /src/pages/auth/ForgotPassword.jsx, /src/pages/producer/fpo/ConfirmOrder.jsx, /src/pages/orders/OrderTracking.jsx, /src/pages/logistics/ShipmentDetails.jsx, /src/pages/payment/Payment.jsx, /src/pages/producer/fpo/OutgoingOrders.jsx, /src/pages/producer/farmer/ConfirmOrder.jsx, /src/pages/producer/fpo/BuyProducts.jsx, /src/pages/payment/PaymentConfirmation.jsx, /src/pages/consumer/OrderTracking.jsx, /src/pages/delivery/DeliveryConfirmation.jsx, /src/pages/producer/fpo/Dashboard.jsx, /src/pages/producer/farmer/Dashboard.jsx, /src/pages/orders/PlaceOrder.jsx, /src/pages/orders/OrderDetails.jsx, /src/pages/producer/fpo/IncomingOrders.jsx, /src/pages/orders/OrderHistory.jsx, /src/pages/producer/farmer/IncomingOrders.jsx, /src/pages/consumer/Orders.jsx, /src/pages/delivery/DeliveryStatus.jsx, /src/pages/consumer/ProductRequest.jsx, /src/pages/producer/fpo/EditProduct.jsx, /src/pages/marketplace/ProductDetails.jsx, /src/pages/producer/farmer/AddProduct.jsx, /src/pages/producer/fpo/AddProduct.jsx, /src/pages/marketplace/Marketplace.jsx, /src/pages/producer/farmer/EditProduct.jsx, /src/pages/demand/DemandForecast.jsx, /src/pages/producer/fpo/SellProducts.jsx, /src/pages/producer/farmer/MyProducts.jsx, /src/pages/producer/fpo/ManageProducts.jsx, /src/pages/producer/fpo/Profile.jsx, /src/pages/producer/farmer/Profile.jsx, /src/pages/landing/Landing.jsx, /src/pages/producer/farmer/Payments.jsx, /src/pages/producer/fpo/Payments.jsx, /src/pages/logistics/LogisticsDashboard.jsx, /src/pages/logistics/RouteMap.jsx, /src/pages/logistics/VehicleAssignment.jsx, /src/pages/pricing/PriceCalculation.jsx, /src/pages/pricing/PriceForecast.jsx, /src/pages/payment/PaymentHistory.jsx, /src/pages/consumer/Dashboard.jsx, /src/pages/auth/Profile.jsx, /src/pages/marketplace/SearchBar.jsx[22m
[2m6:26:14 pm[22m [36m[1m[vite][22m[39m [33mhmr invalidate [39m[2m/src/context/ChatbotContext.jsx[22m Could not Fast Refresh ("useChatbotContext" export is incompatible). Learn more at https://github.com/vitejs/vite-plugin-react/tree/main/packages/plugin-react#consistent-components-exports
[2m6:26:14 pm[22m [36m[1m[vite][22m[39m [32mhmr update [39m[2m/src/App.jsx, /src/index.css, /src/pages/chatbot/Chatbot.jsx, /src/components/common/ChatFab.jsx[22m
[2m6:26:14 pm[22m [36m[1m[vite][22m[39m [33mhmr invalidate [39m[2m/src/context/AuthContext.jsx[22m Could not Fast Refresh ("roleMatches" export is incompatible). Learn more at https://github.com/vitejs/vite-plugin-react/tree/main/packages/plugin-react#consistent-components-exports
[2m6:26:14 pm[22m [36m[1m[vite][22m[39m [32mhmr update [39m[2m/src/App.jsx, /src/index.css, /src/routes/AppRoutes.jsx, /src/routes/AppLayout.jsx, /src/pages/producer/fpo/IncomingOrders.jsx, /src/pages/producer/farmer/AddProduct.jsx, /src/pages/producer/fpo/AddProduct.jsx, /src/pages/orders/OrderHistory.jsx, /src/routes/ProtectedRoute.jsx, /src/pages/payment/Payment.jsx, /src/pages/auth/Register.jsx, /src/pages/consumer/Dashboard.jsx, /src/pages/payment/PaymentHistory.jsx, /src/pages/producer/fpo/OutgoingOrders.jsx, /src/pages/producer/farmer/Payments.jsx, /src/pages/pricing/PriceCalculation.jsx, /src/pages/producer/farmer/IncomingOrders.jsx, /src/pages/producer/fpo/Payments.jsx, /src/pages/producer/fpo/SellProducts.jsx, /src/pages/producer/fpo/BuyProducts.jsx, /src/pages/producer/farmer/MyProducts.jsx, /src/pages/consumer/Orders.jsx, /src/pages/auth/Profile.jsx, /src/pages/auth/Login.jsx, /src/pages/delivery/DeliveryStatus.jsx, /src/pages/producer/fpo/Dashboard.jsx, /src/pages/producer/fpo/ManageProducts.jsx, /src/pages/producer/fpo/Profile.jsx, /src/pages/producer/farmer/Profile.jsx, /src/pages/producer/farmer/Dashboard.jsx, /src/pages/orders/PlaceOrder.jsx, /src/pages/orders/OrderDetails.jsx, /src/components/navbar/Navbar.jsx, /src/pages/landing/Landing.jsx[22m
[2m6:27:13 pm[22m [36m[1m[vite][22m[39m [32mhmr update [39m[2m/src/index.css, /src/context/ChatbotContext.jsx, /src/context/AuthContext.jsx, /src/pages/auth/ForgotPassword.jsx, /src/pages/producer/fpo/ConfirmOrder.jsx, /src/pages/orders/OrderTracking.jsx, /src/pages/logistics/ShipmentDetails.jsx, /src/pages/payment/Payment.jsx, /src/pages/producer/fpo/OutgoingOrders.jsx, /src/pages/producer/farmer/ConfirmOrder.jsx, /src/pages/producer/fpo/BuyProducts.jsx, /src/pages/payment/PaymentConfirmation.jsx, /src/pages/consumer/OrderTracking.jsx, /src/pages/delivery/DeliveryConfirmation.jsx, /src/pages/producer/fpo/Dashboard.jsx, /src/pages/producer/farmer/Dashboard.jsx, /src/pages/orders/PlaceOrder.jsx, /src/pages/orders/OrderDetails.jsx, /src/pages/producer/fpo/IncomingOrders.jsx, /src/pages/orders/OrderHistory.jsx, /src/pages/producer/farmer/IncomingOrders.jsx, /src/pages/consumer/Orders.jsx, /src/pages/delivery/DeliveryStatus.jsx, /src/pages/consumer/ProductRequest.jsx, /src/pages/producer/fpo/EditProduct.jsx, /src/pages/marketplace/ProductDetails.jsx, /src/pages/producer/farmer/AddProduct.jsx, /src/pages/producer/fpo/AddProduct.jsx, /src/pages/marketplace/Marketplace.jsx, /src/pages/producer/farmer/EditProduct.jsx, /src/pages/demand/DemandForecast.jsx, /src/pages/producer/fpo/SellProducts.jsx, /src/pages/producer/farmer/MyProducts.jsx, /src/pages/producer/fpo/ManageProducts.jsx, /src/pages/producer/fpo/Profile.jsx, /src/pages/producer/farmer/Profile.jsx, /src/pages/landing/Landing.jsx, /src/pages/producer/farmer/Payments.jsx, /src/pages/producer/fpo/Payments.jsx, /src/pages/logistics/LogisticsDashboard.jsx, /src/pages/logistics/RouteMap.jsx, /src/pages/logistics/VehicleAssignment.jsx, /src/pages/pricing/PriceCalculation.jsx, /src/pages/pricing/PriceForecast.jsx, /src/pages/payment/PaymentHistory.jsx, /src/pages/consumer/Dashboard.jsx, /src/pages/auth/Profile.jsx, /src/pages/marketplace/SearchBar.jsx[22m
[2m6:27:55 pm[22m [36m[1m[vite][22m[39m [32mhmr update [39m[2m/src/index.css, /src/context/ChatbotContext.jsx, /src/context/AuthContext.jsx, /src/pages/auth/ForgotPassword.jsx, /src/pages/producer/fpo/ConfirmOrder.jsx, /src/pages/orders/OrderTracking.jsx, /src/pages/logistics/ShipmentDetails.jsx, /src/pages/payment/Payment.jsx, /src/pages/producer/fpo/OutgoingOrders.jsx, /src/pages/producer/farmer/ConfirmOrder.jsx, /src/pages/producer/fpo/BuyProducts.jsx, /src/pages/payment/PaymentConfirmation.jsx, /src/pages/consumer/OrderTracking.jsx, /src/pages/delivery/DeliveryConfirmation.jsx, /src/pages/producer/fpo/Dashboard.jsx, /src/pages/producer/farmer/Dashboard.jsx, /src/pages/orders/PlaceOrder.jsx, /src/pages/orders/OrderDetails.jsx, /src/pages/producer/fpo/IncomingOrders.jsx, /src/pages/orders/OrderHistory.jsx, /src/pages/producer/farmer/IncomingOrders.jsx, /src/pages/consumer/Orders.jsx, /src/pages/delivery/DeliveryStatus.jsx, /src/pages/consumer/ProductRequest.jsx, /src/pages/producer/fpo/EditProduct.jsx, /src/pages/marketplace/ProductDetails.jsx, /src/pages/producer/farmer/AddProduct.jsx, /src/pages/producer/fpo/AddProduct.jsx, /src/pages/marketplace/Marketplace.jsx, /src/pages/producer/farmer/EditProduct.jsx, /src/pages/demand/DemandForecast.jsx, /src/pages/producer/fpo/SellProducts.jsx, /src/pages/producer/farmer/MyProducts.jsx, /src/pages/producer/fpo/ManageProducts.jsx, /src/pages/producer/fpo/Profile.jsx, /src/pages/producer/farmer/Profile.jsx, /src/pages/landing/Landing.jsx, /src/pages/producer/farmer/Payments.jsx, /src/pages/producer/fpo/Payments.jsx, /src/pages/logistics/LogisticsDashboard.jsx, /src/pages/logistics/RouteMap.jsx, /src/pages/logistics/VehicleAssignment.jsx, /src/pages/pricing/PriceCalculation.jsx, /src/pages/pricing/PriceForecast.jsx, /src/pages/payment/PaymentHistory.jsx, /src/pages/consumer/Dashboard.jsx, /src/pages/auth/Profile.jsx, /src/pages/marketplace/SearchBar.jsx[22m
[2m6:27:55 pm[22m [36m[1m[vite][22m[39m [33mhmr invalidate [39m[2m/src/context/ChatbotContext.jsx[22m Could not Fast Refresh ("useChatbotContext" export is incompatible). Learn more at https://github.com/vitejs/vite-plugin-react/tree/main/packages/plugin-react#consistent-components-exports
[2m6:27:55 pm[22m [36m[1m[vite][22m[39m [32mhmr update [39m[2m/src/App.jsx, /src/index.css, /src/pages/chatbot/Chatbot.jsx, /src/components/common/ChatFab.jsx[22m
[2m6:27:55 pm[22m [36m[1m[vite][22m[39m [33mhmr invalidate [39m[2m/src/context/AuthContext.jsx[22m Could not Fast Refresh ("roleMatches" export is incompatible). Learn more at https://github.com/vitejs/vite-plugin-react/tree/main/packages/plugin-react#consistent-components-exports
[2m6:27:55 pm[22m [36m[1m[vite][22m[39m [32mhmr update [39m[2m/src/App.jsx, /src/index.css, /src/routes/AppRoutes.jsx, /src/routes/AppLayout.jsx, /src/pages/producer/fpo/IncomingOrders.jsx, /src/pages/producer/farmer/AddProduct.jsx, /src/pages/producer/fpo/AddProduct.jsx, /src/pages/orders/OrderHistory.jsx, /src/routes/ProtectedRoute.jsx, /src/pages/payment/Payment.jsx, /src/pages/auth/Register.jsx, /src/pages/consumer/Dashboard.jsx, /src/pages/payment/PaymentHistory.jsx, /src/pages/producer/fpo/OutgoingOrders.jsx, /src/pages/producer/farmer/Payments.jsx, /src/pages/pricing/PriceCalculation.jsx, /src/pages/producer/farmer/IncomingOrders.jsx, /src/pages/producer/fpo/Payments.jsx, /src/pages/producer/fpo/SellProducts.jsx, /src/pages/producer/fpo/BuyProducts.jsx, /src/pages/producer/farmer/MyProducts.jsx, /src/pages/consumer/Orders.jsx, /src/pages/auth/Profile.jsx, /src/pages/auth/Login.jsx, /src/pages/delivery/DeliveryStatus.jsx, /src/pages/producer/fpo/Dashboard.jsx, /src/pages/producer/fpo/ManageProducts.jsx, /src/pages/producer/fpo/Profile.jsx, /src/pages/producer/farmer/Profile.jsx, /src/pages/producer/farmer/Dashboard.jsx, /src/pages/orders/PlaceOrder.jsx, /src/pages/orders/OrderDetails.jsx, /src/components/navbar/Navbar.jsx, /src/pages/landing/Landing.jsx[22m
[2m9:18:43 pm[22m [36m[1m[vite][22m[39m [32mhmr update [39m[2m/src/pages/landing/Landing.jsx, /src/index.css[22m
[2m9:24:03 pm[22m [36m[1m[vite][22m[39m [32mhmr update [39m[2m/src/pages/landing/Landing.jsx, /src/index.css[22m
[2m9:29:55 pm[22m [36m[1m[vite][22m[39m [32mhmr update [39m[2m/src/pages/landing/Landing.jsx, /src/index.css[22m
[2m9:29:58 pm[22m [36m[1m[vite][22m[39m [32mhmr update [39m[2m/src/pages/landing/Landing.jsx, /src/index.css[22m
[2m9:33:31 pm[22m [36m[1m[vite][22m[39m [32mhmr update [39m[2m/src/pages/landing/Landing.jsx, /src/index.css[22m
[2m9:34:52 pm[22m [36m[1m[vite][22m[39m [32mhmr update [39m[2m/src/pages/landing/Landing.jsx, /src/index.css[22m
[2m9:35:39 pm[22m [36m[1m[vite][22m[39m [32mhmr update [39m[2m/src/pages/landing/Landing.jsx, /src/index.css[22m
[2m9:40:10 pm[22m [36m[1m[vite][22m[39m [32mhmr update [39m[2m/src/pages/landing/Landing.jsx, /src/index.css[22m
[2m9:40:15 pm[22m [36m[1m[vite][22m[39m [32mhmr update [39m[2m/src/components/navbar/Navbar.jsx, /src/index.css[22m
[2m9:40:21 pm[22m [36m[1m[vite][22m[39m [32mhmr update [39m[2m/src/routes/AuthLayout.jsx, /src/index.css[22m
[2m9:40:34 pm[22m [36m[1m[vite][22m[39m [32mhmr update [39m[2m/src/components/navbar/Navbar.jsx, /src/index.css[22m
[2m9:40:38 pm[22m [36m[1m[vite][22m[39m [32mhmr update [39m[2m/src/routes/AuthLayout.jsx, /src/index.css[22m
[2m9:42:17 pm[22m [36m[1m[vite][22m[39m [32mpage reload [39m[2mindex.html[22m
[2m9:43:25 pm[22m [36m[1m[vite][22m[39m [32mhmr update [39m[2m/src/components/navbar/Navbar.jsx, /src/index.css[22m
[2m9:46:21 pm[22m [36m[1m[vite][22m[39m [32mhmr update [39m[2m/src/components/navbar/Navbar.jsx, /src/index.css[22m
[2m9:54:44 pm[22m [36m[1m[vite][22m[39m [32mhmr update [39m[2m/src/routes/AppRoutes.jsx, /src/index.css[22m
[2m9:55:03 pm[22m [36m[1m[vite][22m[39m [32mhmr update [39m[2m/src/components/navbar/Navbar.jsx, /src/index.css[22m
[2m9:56:28 pm[22m [36m[1m[vite][22m[39m [32mhmr update [39m[2m/src/pages/landing/Landing.jsx, /src/index.css[22m
[2m9:56:30 pm[22m [36m[1m[vite][22m[39m [32mhmr update [39m[2m/src/routes/AuthLayout.jsx, /src/index.css[22m
[2m9:59:05 pm[22m [36m[1m[vite][22m[39m [32mhmr update [39m[2m/src/pages/landing/Landing.jsx, /src/index.css[22m
[2m9:59:08 pm[22m [36m[1m[vite][22m[39m [32mhmr update [39m[2m/src/pages/landing/Landing.jsx, /src/index.css[22m
[2m10:00:20 pm[22m [36m[1m[vite][22m[39m [32mhmr update [39m[2m/src/pages/landing/Landing.jsx, /src/index.css[22m
[2m10:00:28 pm[22m [36m[1m[vite][22m[39m [32mhmr update [39m[2m/src/pages/landing/Landing.jsx, /src/index.css[22m
[2m10:00:32 pm[22m [36m[1m[vite][22m[39m [32mhmr update [39m[2m/src/pages/landing/Landing.jsx, /src/index.css[22m
[2m10:00:34 pm[22m [36m[1m[vite][22m[39m [32mhmr update [39m[2m/src/pages/landing/Landing.jsx, /src/index.css[22m
[2m10:00:37 pm[22m [36m[1m[vite][22m[39m [32mhmr update [39m[2m/src/pages/landing/Landing.jsx, /src/index.css[22m
[2m10:02:34 pm[22m [36m[1m[vite][22m[39m [32mhmr update [39m[2m/src/App.jsx, /src/index.css[22m
[2m10:05:09 pm[22m [36m[1m[vite][22m[39m [32mhmr update [39m[2m/src/components/navbar/Navbar.jsx, /src/index.css[22m
[2m10:05:14 pm[22m [36m[1m[vite][22m[39m [32mhmr update [39m[2m/src/pages/landing/Landing.jsx, /src/index.css[22m
[2m10:05:16 pm[22m [36m[1m[vite][22m[39m [32mhmr update [39m[2m/src/routes/AuthLayout.jsx, /src/index.css[22m
[2m10:08:06 pm[22m [36m[1m[vite][22m[39m [32mhmr update [39m[2m/src/pages/landing/Landing.jsx, /src/index.css[22m
[2m10:08:18 pm[22m [36m[1m[vite][22m[39m [32mhmr update [39m[2m/src/index.css, /src/i18n/LanguageContext.jsx, /src/pages/landing/Landing.jsx, /src/components/common/LanguageSwitcher.jsx[22m
[2m10:08:19 pm[22m [36m[1m[vite][22m[39m [33mhmr invalidate [39m[2m/src/i18n/LanguageContext.jsx[22m Could not Fast Refresh ("useLanguage" export is incompatible). Learn more at https://github.com/vitejs/vite-plugin-react/tree/main/packages/plugin-react#consistent-components-exports
[2m10:08:19 pm[22m [36m[1m[vite][22m[39m [32mhmr update [39m[2m/src/App.jsx, /src/index.css, /src/pages/landing/Landing.jsx, /src/components/common/LanguageSwitcher.jsx[22m
[2m10:09:28 pm[22m [36m[1m[vite][22m[39m [32mhmr update [39m[2m/src/pages/landing/Landing.jsx, /src/index.css[22m
[2m10:09:35 pm[22m [36m[1m[vite][22m[39m [32mhmr update [39m[2m/src/index.css, /src/i18n/LanguageContext.jsx, /src/pages/landing/Landing.jsx, /src/components/common/LanguageSwitcher.jsx[22m
[2m10:09:36 pm[22m [36m[1m[vite][22m[39m [33mhmr invalidate [39m[2m/src/i18n/LanguageContext.jsx[22m Could not Fast Refresh ("useLanguage" export is incompatible). Learn more at https://github.com/vitejs/vite-plugin-react/tree/main/packages/plugin-react#consistent-components-exports
[2m10:09:36 pm[22m [36m[1m[vite][22m[39m [32mhmr update [39m[2m/src/App.jsx, /src/index.css, /src/pages/landing/Landing.jsx, /src/components/common/LanguageSwitcher.jsx[22m
[2m10:11:34 pm[22m [36m[1m[vite][22m[39m [32mhmr update [39m[2m/src/pages/landing/Landing.jsx, /src/index.css[22m
[2m10:15:24 pm[22m [36m[1m[vite][22m[39m [32mhmr update [39m[2m/src/index.css[22m
[2m10:15:42 pm[22m [36m[1m[vite][22m[39m [32mhmr update [39m[2m/src/pages/landing/Landing.jsx, /src/index.css[22m
[2m10:15:58 pm[22m [36m[1m[vite][22m[39m [32mhmr update [39m[2m/src/pages/landing/Landing.jsx, /src/index.css[22m
[2m10:16:03 pm[22m [36m[1m[vite][22m[39m [32mhmr update [39m[2m/src/pages/landing/Landing.jsx, /src/index.css[22m
[2m10:16:07 pm[22m [36m[1m[vite][22m[39m [32mhmr update [39m[2m/src/pages/landing/Landing.jsx, /src/index.css[22m
[2m10:16:13 pm[22m [36m[1m[vite][22m[39m [32mhmr update [39m[2m/src/pages/landing/Landing.jsx, /src/index.css[22m
[2m10:16:27 pm[22m [36m[1m[vite][22m[39m [32mhmr update [39m[2m/src/pages/landing/Landing.jsx, /src/index.css[22m
[2m10:16:42 pm[22m [36m[1m[vite][22m[39m [32mhmr update [39m[2m/src/pages/landing/Landing.jsx, /src/index.css[22m
[2m10:20:48 pm[22m [36m[1m[vite][22m[39m [32mhmr update [39m[2m/src/pages/landing/Landing.jsx, /src/index.css[22m
[2m10:22:31 pm[22m [36m[1m[vite][22m[39m [32mhmr update [39m[2m/src/pages/landing/Landing.jsx, /src/index.css[22m
[2m10:24:40 pm[22m [36m[1m[vite][22m[39m [32mhmr update [39m[2m/src/pages/landing/Landing.jsx, /src/index.css[22m
[2m10:25:51 pm[22m [36m[1m[vite][22m[39m [32mhmr update [39m[2m/src/pages/landing/Landing.jsx, /src/index.css[22m
[2m10:27:10 pm[22m [36m[1m[vite][22m[39m [32mhmr update [39m[2m/src/pages/landing/Landing.jsx, /src/index.css[22m
[2m10:31:56 pm[22m [36m[1m[vite][22m[39m [32mhmr update [39m[2m/src/pages/landing/Landing.jsx, /src/index.css[22m
[2m10:33:29 pm[22m [36m[1m[vite][22m[39m [32mhmr update [39m[2m/src/pages/landing/Landing.jsx, /src/index.css[22m
[2m10:33:42 pm[22m [36m[1m[vite][22m[39m [32mhmr update [39m[2m/src/pages/landing/Landing.jsx, /src/index.css[22m
[2m10:33:57 pm[22m [36m[1m[vite][22m[39m [32mhmr update [39m[2m/src/components/navbar/Navbar.jsx, /src/index.css[22m
[2m10:36:09 pm[22m [36m[1m[vite][22m[39m [32mhmr update [39m[2m/src/pages/landing/Landing.jsx, /src/index.css[22m
[2m10:36:22 pm[22m [36m[1m[vite][22m[39m [32mhmr update [39m[2m/src/pages/landing/Landing.jsx, /src/index.css[22m
[2m10:36:33 pm[22m [36m[1m[vite][22m[39m [32mhmr update [39m[2m/src/components/navbar/Navbar.jsx, /src/index.css[22m
[2m10:39:08 pm[22m [36m[1m[vite][22m[39m [32mhmr update [39m[2m/src/pages/landing/Landing.jsx, /src/index.css[22m
[2m10:41:15 pm[22m [36m[1m[vite][22m[39m [32mhmr update [39m[2m/src/index.css[22m
[2m10:41:18 pm[22m [36m[1m[vite][22m[39m [32mhmr update [39m[2m/src/index.css[22m
[2m10:41:21 pm[22m [36m[1m[vite][22m[39m [32mhmr update [39m[2m/src/routes/AppLayout.jsx, /src/index.css[22m
[2m10:41:25 pm[22m [36m[1m[vite][22m[39m [32mhmr update [39m[2m/src/routes/AuthLayout.jsx, /src/index.css[22m
[2m10:41:27 pm[22m [36m[1m[vite][22m[39m [32mhmr update [39m[2m/src/pages/landing/Landing.jsx, /src/index.css[22m
[2m10:41:31 pm[22m [36m[1m[vite][22m[39m [32mhmr update [39m[2m/src/pages/landing/Landing.jsx, /src/index.css[22m
